[    0.000000] Linux version 4.16.3+ (root@Main-PC) (gcc version 7.2.0 (Ubuntu 7.2.0-8ubuntu3.2)) #1 SMP Mon Apr 23 20:21:52 CEST 2018 ()
[    0.000000] Command line: \\boot\vmlinuz-4.16.3+ ro root=UUID=864c54c6-961a-4ad9-8c23-35eb8e0f24fb initrd=boot\initrd.img-4.16.3+
[    0.000000] x86/fpu: Supporting XSAVE feature 0x001: 'x87 floating point registers'
[    0.000000] x86/fpu: Supporting XSAVE feature 0x002: 'SSE registers'
[    0.000000] x86/fpu: Supporting XSAVE feature 0x008: 'MPX bounds registers'
[    0.000000] x86/fpu: Supporting XSAVE feature 0x010: 'MPX CSR'
[    0.000000] x86/fpu: xstate_offset[3]:  576, xstate_sizes[3]:   64
[    0.000000] x86/fpu: xstate_offset[4]:  640, xstate_sizes[4]:   64
[    0.000000] x86/fpu: Enabled xstate features 0x1b, context size is 704 bytes, using 'compacted' format.
[    0.000000] e820: BIOS-provided physical RAM map:
[    0.000000] BIOS-e820: [mem 0x0000000000000000-0x0000000000057fff] usable
[    0.000000] BIOS-e820: [mem 0x0000000000058000-0x0000000000058fff] reserved
[    0.000000] BIOS-e820: [mem 0x0000000000059000-0x000000000009efff] usable
[    0.000000] BIOS-e820: [mem 0x000000000009f000-0x00000000000fffff] reserved
[    0.000000] BIOS-e820: [mem 0x0000000000100000-0x000000004f8affff] usable
[    0.000000] BIOS-e820: [mem 0x000000004f8b0000-0x000000004f8b0fff] ACPI NVS
[    0.000000] BIOS-e820: [mem 0x000000004f8b1000-0x000000004f8b1fff] reserved
[    0.000000] BIOS-e820: [mem 0x000000004f8b2000-0x0000000058551fff] usable
[    0.000000] BIOS-e820: [mem 0x0000000058552000-0x0000000059da9fff] reserved
[    0.000000] BIOS-e820: [mem 0x0000000059daa000-0x0000000059e04fff] ACPI data
[    0.000000] BIOS-e820: [mem 0x0000000059e05000-0x000000005a1f6fff] ACPI NVS
[    0.000000] BIOS-e820: [mem 0x000000005a1f7000-0x000000005b3a1fff] reserved
[    0.000000] BIOS-e820: [mem 0x000000005b3a2000-0x000000005b3fffff] usable
[    0.000000] BIOS-e820: [mem 0x000000005b400000-0x000000005fffffff] reserved
[    0.000000] BIOS-e820: [mem 0x00000000e0000000-0x00000000efffffff] reserved
[    0.000000] BIOS-e820: [mem 0x00000000fe000000-0x00000000fe010fff] reserved
[    0.000000] BIOS-e820: [mem 0x00000000fec00000-0x00000000fec00fff] reserved
[    0.000000] BIOS-e820: [mem 0x00000000fed00000-0x00000000fed00fff] reserved
[    0.000000] BIOS-e820: [mem 0x00000000fee00000-0x00000000fee00fff] reserved
[    0.000000] BIOS-e820: [mem 0x00000000ff000000-0x00000000ffffffff] reserved
[    0.000000] BIOS-e820: [mem 0x0000000100000000-0x000000029effffff] usable
[    0.000000] NX (Execute Disable) protection: active
[    0.000000] e820: update [mem 0x4e97a018-0x4e98a057] usable ==> usable
[    0.000000] e820: update [mem 0x4e97a018-0x4e98a057] usable ==> usable
[    0.000000] e820: update [mem 0x4a24e018-0x4a26b057] usable ==> usable
[    0.000000] e820: update [mem 0x4a24e018-0x4a26b057] usable ==> usable
[    0.000000] e820: update [mem 0x4a230018-0x4a24d057] usable ==> usable
[    0.000000] e820: update [mem 0x4a230018-0x4a24d057] usable ==> usable
[    0.000000] e820: update [mem 0x4a212018-0x4a22f057] usable ==> usable
[    0.000000] e820: update [mem 0x4a212018-0x4a22f057] usable ==> usable
[    0.000000] e820: update [mem 0x4a1f5018-0x4a211e57] usable ==> usable
[    0.000000] e820: update [mem 0x4a1f5018-0x4a211e57] usable ==> usable
[    0.000000] e820: update [mem 0x4a1d8018-0x4a1f4e57] usable ==> usable
[    0.000000] e820: update [mem 0x4a1d8018-0x4a1f4e57] usable ==> usable
[    0.000000] e820: update [mem 0x4a1c7018-0x4a1d7e57] usable ==> usable
[    0.000000] e820: update [mem 0x4a1c7018-0x4a1d7e57] usable ==> usable
[    0.000000] extended physical RAM map:
[    0.000000] reserve setup_data: [mem 0x0000000000000000-0x0000000000057fff] usable
[    0.000000] reserve setup_data: [mem 0x0000000000058000-0x0000000000058fff] reserved
[    0.000000] reserve setup_data: [mem 0x0000000000059000-0x000000000009efff] usable
[    0.000000] reserve setup_data: [mem 0x000000000009f000-0x00000000000fffff] reserved
[    0.000000] reserve setup_data: [mem 0x0000000000100000-0x000000004a1c7017] usable
[    0.000000] reserve setup_data: [mem 0x000000004a1c7018-0x000000004a1d7e57] usable
[    0.000000] reserve setup_data: [mem 0x000000004a1d7e58-0x000000004a1d8017] usable
[    0.000000] reserve setup_data: [mem 0x000000004a1d8018-0x000000004a1f4e57] usable
[    0.000000] reserve setup_data: [mem 0x000000004a1f4e58-0x000000004a1f5017] usable
[    0.000000] reserve setup_data: [mem 0x000000004a1f5018-0x000000004a211e57] usable
[    0.000000] reserve setup_data: [mem 0x000000004a211e58-0x000000004a212017] usable
[    0.000000] reserve setup_data: [mem 0x000000004a212018-0x000000004a22f057] usable
[    0.000000] reserve setup_data: [mem 0x000000004a22f058-0x000000004a230017] usable
[    0.000000] reserve setup_data: [mem 0x000000004a230018-0x000000004a24d057] usable
[    0.000000] reserve setup_data: [mem 0x000000004a24d058-0x000000004a24e017] usable
[    0.000000] reserve setup_data: [mem 0x000000004a24e018-0x000000004a26b057] usable
[    0.000000] reserve setup_data: [mem 0x000000004a26b058-0x000000004e97a017] usable
[    0.000000] reserve setup_data: [mem 0x000000004e97a018-0x000000004e98a057] usable
[    0.000000] reserve setup_data: [mem 0x000000004e98a058-0x000000004f8affff] usable
[    0.000000] reserve setup_data: [mem 0x000000004f8b0000-0x000000004f8b0fff] ACPI NVS
[    0.000000] reserve setup_data: [mem 0x000000004f8b1000-0x000000004f8b1fff] reserved
[    0.000000] reserve setup_data: [mem 0x000000004f8b2000-0x0000000058551fff] usable
[    0.000000] reserve setup_data: [mem 0x0000000058552000-0x0000000059da9fff] reserved
[    0.000000] reserve setup_data: [mem 0x0000000059daa000-0x0000000059e04fff] ACPI data
[    0.000000] reserve setup_data: [mem 0x0000000059e05000-0x000000005a1f6fff] ACPI NVS
[    0.000000] reserve setup_data: [mem 0x000000005a1f7000-0x000000005b3a1fff] reserved
[    0.000000] reserve setup_data: [mem 0x000000005b3a2000-0x000000005b3fffff] usable
[    0.000000] reserve setup_data: [mem 0x000000005b400000-0x000000005fffffff] reserved
[    0.000000] reserve setup_data: [mem 0x00000000e0000000-0x00000000efffffff] reserved
[    0.000000] reserve setup_data: [mem 0x00000000fe000000-0x00000000fe010fff] reserved
[    0.000000] reserve setup_data: [mem 0x00000000fec00000-0x00000000fec00fff] reserved
[    0.000000] reserve setup_data: [mem 0x00000000fed00000-0x00000000fed00fff] reserved
[    0.000000] reserve setup_data: [mem 0x00000000fee00000-0x00000000fee00fff] reserved
[    0.000000] reserve setup_data: [mem 0x00000000ff000000-0x00000000ffffffff] reserved
[    0.000000] reserve setup_data: [mem 0x0000000100000000-0x000000029effffff] usable
[    0.000000] efi: EFI v2.60 by American Megatrends
[    0.000000] efi:  ACPI 2.0=0x59dcf000  ACPI=0x59dcf000  SMBIOS=0x5b230000  SMBIOS 3.0=0x5b22f000  MPS=0xfca10  ESRT=0x56526f98  MEMATTR=0x54c16018 
[    0.000000] secureboot: Secure boot disabled
[    0.000000] random: fast init done
[    0.000000] SMBIOS 3.0.0 present.
[    0.000000] DMI: System manufacturer System Product Name/PRIME Z270-A, BIOS 1009 07/23/2017
[    0.000000] e820: update [mem 0x00000000-0x00000fff] usable ==> reserved
[    0.000000] e820: remove [mem 0x000a0000-0x000fffff] usable
[    0.000000] e820: last_pfn = 0x29f000 max_arch_pfn = 0x400000000
[    0.000000] MTRR default type: write-back
[    0.000000] MTRR fixed ranges enabled:
[    0.000000]   00000-9FFFF write-back
[    0.000000]   A0000-BFFFF uncachable
[    0.000000]   C0000-FFFFF write-protect
[    0.000000] MTRR variable ranges enabled:
[    0.000000]   0 base 0080000000 mask 7F80000000 uncachable
[    0.000000]   1 base 0060000000 mask 7FE0000000 uncachable
[    0.000000]   2 base 005C000000 mask 7FFC000000 uncachable
[    0.000000]   3 base 005B800000 mask 7FFF800000 uncachable
[    0.000000]   4 base 2000000000 mask 7000000000 uncachable
[    0.000000]   5 disabled
[    0.000000]   6 disabled
[    0.000000]   7 disabled
[    0.000000]   8 disabled
[    0.000000]   9 disabled
[    0.000000] x86/PAT: Configuration [0-7]: WB  WC  UC- UC  WB  WP  UC- WT  
[    0.000000] e820: last_pfn = 0x5b400 max_arch_pfn = 0x400000000
[    0.000000] found SMP MP-table at [mem 0x000fcd10-0x000fcd1f] mapped at [        (ptrval)]
[    0.000000] esrt: Reserving ESRT space from 0x0000000056526f98 to 0x0000000056526fd0.
[    0.000000] Scanning 1 areas for low memory corruption
[    0.000000] Base memory trampoline at [        (ptrval)] 97000 size 24576
[    0.000000] Using GB pages for direct mapping
[    0.000000] BRK [0x1e0229000, 0x1e0229fff] PGTABLE
[    0.000000] BRK [0x1e022a000, 0x1e022afff] PGTABLE
[    0.000000] BRK [0x1e022b000, 0x1e022bfff] PGTABLE
[    0.000000] BRK [0x1e022c000, 0x1e022cfff] PGTABLE
[    0.000000] BRK [0x1e022d000, 0x1e022dfff] PGTABLE
[    0.000000] BRK [0x1e022e000, 0x1e022efff] PGTABLE
[    0.000000] BRK [0x1e022f000, 0x1e022ffff] PGTABLE
[    0.000000] BRK [0x1e0230000, 0x1e0230fff] PGTABLE
[    0.000000] BRK [0x1e0231000, 0x1e0231fff] PGTABLE
[    0.000000] BRK [0x1e0232000, 0x1e0232fff] PGTABLE
[    0.000000] RAMDISK: [mem 0x4a26c000-0x4ceb8fff]
[    0.000000] ACPI: Early table checksum verification disabled
[    0.000000] ACPI: RSDP 0x0000000059DCF000 000024 (v02 ALASKA)
[    0.000000] ACPI: XSDT 0x0000000059DCF0A8 0000CC (v01 ALASKA A M I    01072009 AMI  00010013)
[    0.000000] ACPI: FACP 0x0000000059DFB370 000114 (v06 ALASKA A M I    01072009 AMI  00010013)
[    0.000000] ACPI: DSDT 0x0000000059DCF210 02C15B (v02 ALASKA A M I    01072009 INTL 20160422)
[    0.000000] ACPI: FACS 0x000000005A1F6F00 000040
[    0.000000] ACPI: APIC 0x0000000059DFB488 000068 (v03 ALASKA A M I    01072009 AMI  00010013)
[    0.000000] ACPI: FPDT 0x0000000059DFB4F0 000044 (v01 ALASKA A M I    01072009 AMI  00010013)
[    0.000000] ACPI: FIDT 0x0000000059DFB538 00009C (v01 ALASKA A M I    01072009 AMI  00010013)
[    0.000000] ACPI: WSMT 0x0000000059E04090 000028 (v01 ALASKA A M I    01072009 AMI  00010013)
[    0.000000] ACPI: MCFG 0x0000000059DFB630 00003C (v01 ALASKA A M I    01072009 MSFT 00000097)
[    0.000000] ACPI: SSDT 0x0000000059DFB670 0003A3 (v01 SataRe SataTabl 00001000 INTL 20160422)
[    0.000000] ACPI: SSDT 0x0000000059DFBA18 003176 (v02 SaSsdt SaSsdt   00003000 INTL 20160422)
[    0.000000] ACPI: HPET 0x0000000059DFEB90 000038 (v01 INTEL  KBL      00000001 MSFT 0000005F)
[    0.000000] ACPI: SSDT 0x0000000059DFEBC8 000024 (v02 INTEL  OEM_RTD3 00001000 INTL 20160422)
[    0.000000] ACPI: SSDT 0x0000000059DFEBF0 000B13 (v02 INTEL  xh_rvp08 00000000 INTL 20160422)
[    0.000000] ACPI: UEFI 0x0000000059DFF708 000042 (v01 ALASKA A M I    00000002      01000013)
[    0.000000] ACPI: SSDT 0x0000000059DFF750 000EDE (v02 CpuRef CpuSsdt  00003000 INTL 20160422)
[    0.000000] ACPI: LPIT 0x0000000059E00630 000094 (v01 INTEL  KBL      00000000 MSFT 0000005F)
[    0.000000] ACPI: SSDT 0x0000000059E006C8 000141 (v02 INTEL  HdaDsp   00000000 INTL 20160422)
[    0.000000] ACPI: SSDT 0x0000000059E00810 00029F (v02 INTEL  sensrhub 00000000 INTL 20160422)
[    0.000000] ACPI: SSDT 0x0000000059E00AB0 003002 (v02 INTEL  PtidDevc 00001000 INTL 20160422)
[    0.000000] ACPI: SSDT 0x0000000059E03AB8 00050D (v02 INTEL  TbtTypeC 00000000 INTL 20160422)
[    0.000000] ACPI: DBGP 0x0000000059E03FC8 000034 (v01 INTEL           00000002 MSFT 0000005F)
[    0.000000] ACPI: DBG2 0x0000000059E04000 000054 (v00 INTEL           00000002 MSFT 0000005F)
[    0.000000] ACPI: BGRT 0x0000000059E04058 000038 (v01 ALASKA A M I    01072009 AMI  00010013)
[    0.000000] ACPI: Local APIC address 0xfee00000
[    0.000000] No NUMA configuration found
[    0.000000] Faking a node at [mem 0x0000000000000000-0x000000029effffff]
[    0.000000] NODE_DATA(0) allocated [mem 0x29effb000-0x29effffff]
[    0.000000] Zone ranges:
[    0.000000]   DMA      [mem 0x0000000000001000-0x0000000000ffffff]
[    0.000000]   DMA32    [mem 0x0000000001000000-0x00000000ffffffff]
[    0.000000]   Normal   [mem 0x0000000100000000-0x000000029effffff]
[    0.000000]   Device   empty
[    0.000000] Movable zone start for each node
[    0.000000] Early memory node ranges
[    0.000000]   node   0: [mem 0x0000000000001000-0x0000000000057fff]
[    0.000000]   node   0: [mem 0x0000000000059000-0x000000000009efff]
[    0.000000]   node   0: [mem 0x0000000000100000-0x000000004f8affff]
[    0.000000]   node   0: [mem 0x000000004f8b2000-0x0000000058551fff]
[    0.000000]   node   0: [mem 0x000000005b3a2000-0x000000005b3fffff]
[    0.000000]   node   0: [mem 0x0000000100000000-0x000000029effffff]
[    0.000000] Initmem setup node 0 [mem 0x0000000000001000-0x000000029effffff]
[    0.000000] On node 0 totalpages: 2061643
[    0.000000]   DMA zone: 64 pages used for memmap
[    0.000000]   DMA zone: 24 pages reserved
[    0.000000]   DMA zone: 3997 pages, LIFO batch:0
[    0.000000]   DMA32 zone: 5591 pages used for memmap
[    0.000000]   DMA32 zone: 357806 pages, LIFO batch:31
[    0.000000]   Normal zone: 26560 pages used for memmap
[    0.000000]   Normal zone: 1699840 pages, LIFO batch:31
[    0.000000] Reserved but unavailable: 98 pages
[    0.000000] Reserving Intel graphics memory at [mem 0x5c000000-0x5fffffff]
[    0.000000] ACPI: PM-Timer IO Port: 0x1808
[    0.000000] ACPI: Local APIC address 0xfee00000
[    0.000000] ACPI: LAPIC_NMI (acpi_id[0x01] high edge lint[0x1])
[    0.000000] ACPI: LAPIC_NMI (acpi_id[0x02] high edge lint[0x1])
[    0.000000] IOAPIC[0]: apic_id 2, version 32, address 0xfec00000, GSI 0-119
[    0.000000] ACPI: INT_SRC_OVR (bus 0 bus_irq 0 global_irq 2 dfl dfl)
[    0.000000] ACPI: INT_SRC_OVR (bus 0 bus_irq 9 global_irq 9 high level)
[    0.000000] ACPI: IRQ0 used by override.
[    0.000000] ACPI: IRQ9 used by override.
[    0.000000] Using ACPI (MADT) for SMP configuration information
[    0.000000] ACPI: HPET id: 0x8086a201 base: 0xfed00000
[    0.000000] smpboot: Allowing 2 CPUs, 0 hotplug CPUs
[    0.000000] PM: Registered nosave memory: [mem 0x00000000-0x00000fff]
[    0.000000] PM: Registered nosave memory: [mem 0x00058000-0x00058fff]
[    0.000000] PM: Registered nosave memory: [mem 0x0009f000-0x000fffff]
[    0.000000] PM: Registered nosave memory: [mem 0x4a1c7000-0x4a1c7fff]
[    0.000000] PM: Registered nosave memory: [mem 0x4a1d7000-0x4a1d7fff]
[    0.000000] PM: Registered nosave memory: [mem 0x4a1d8000-0x4a1d8fff]
[    0.000000] PM: Registered nosave memory: [mem 0x4a1f4000-0x4a1f4fff]
[    0.000000] PM: Registered nosave memory: [mem 0x4a1f5000-0x4a1f5fff]
[    0.000000] PM: Registered nosave memory: [mem 0x4a211000-0x4a211fff]
[    0.000000] PM: Registered nosave memory: [mem 0x4a212000-0x4a212fff]
[    0.000000] PM: Registered nosave memory: [mem 0x4a22f000-0x4a22ffff]
[    0.000000] PM: Registered nosave memory: [mem 0x4a230000-0x4a230fff]
[    0.000000] PM: Registered nosave memory: [mem 0x4a24d000-0x4a24dfff]
[    0.000000] PM: Registered nosave memory: [mem 0x4a24e000-0x4a24efff]
[    0.000000] PM: Registered nosave memory: [mem 0x4a26b000-0x4a26bfff]
[    0.000000] PM: Registered nosave memory: [mem 0x4e97a000-0x4e97afff]
[    0.000000] PM: Registered nosave memory: [mem 0x4e98a000-0x4e98afff]
[    0.000000] PM: Registered nosave memory: [mem 0x4f8b0000-0x4f8b0fff]
[    0.000000] PM: Registered nosave memory: [mem 0x4f8b1000-0x4f8b1fff]
[    0.000000] PM: Registered nosave memory: [mem 0x58552000-0x59da9fff]
[    0.000000] PM: Registered nosave memory: [mem 0x59daa000-0x59e04fff]
[    0.000000] PM: Registered nosave memory: [mem 0x59e05000-0x5a1f6fff]
[    0.000000] PM: Registered nosave memory: [mem 0x5a1f7000-0x5b3a1fff]
[    0.000000] PM: Registered nosave memory: [mem 0x5b400000-0x5fffffff]
[    0.000000] PM: Registered nosave memory: [mem 0x60000000-0xdfffffff]
[    0.000000] PM: Registered nosave memory: [mem 0xe0000000-0xefffffff]
[    0.000000] PM: Registered nosave memory: [mem 0xf0000000-0xfdffffff]
[    0.000000] PM: Registered nosave memory: [mem 0xfe000000-0xfe010fff]
[    0.000000] PM: Registered nosave memory: [mem 0xfe011000-0xfebfffff]
[    0.000000] PM: Registered nosave memory: [mem 0xfec00000-0xfec00fff]
[    0.000000] PM: Registered nosave memory: [mem 0xfec01000-0xfecfffff]
[    0.000000] PM: Registered nosave memory: [mem 0xfed00000-0xfed00fff]
[    0.000000] PM: Registered nosave memory: [mem 0xfed01000-0xfedfffff]
[    0.000000] PM: Registered nosave memory: [mem 0xfee00000-0xfee00fff]
[    0.000000] PM: Registered nosave memory: [mem 0xfee01000-0xfeffffff]
[    0.000000] PM: Registered nosave memory: [mem 0xff000000-0xffffffff]
[    0.000000] e820: [mem 0x60000000-0xdfffffff] available for PCI devices
[    0.000000] Booting paravirtualized kernel on bare hardware
[    0.000000] clocksource: refined-jiffies: mask: 0xffffffff max_cycles: 0xffffffff, max_idle_ns: 7645519600211568 ns
[    0.000000] setup_percpu: NR_CPUS:64 nr_cpumask_bits:64 nr_cpu_ids:2 nr_node_ids:1
[    0.000000] percpu: Embedded 46 pages/cpu @        (ptrval) s151552 r8192 d28672 u1048576
[    0.000000] pcpu-alloc: s151552 r8192 d28672 u1048576 alloc=1*2097152
[    0.000000] pcpu-alloc: [0] 0 1 
[    0.000000] Built 1 zonelists, mobility grouping on.  Total pages: 2029404
[    0.000000] Policy zone: Normal
[    0.000000] Kernel command line: \\boot\vmlinuz-4.16.3+ ro root=UUID=864c54c6-961a-4ad9-8c23-35eb8e0f24fb initrd=boot\initrd.img-4.16.3+
[    0.000000] Calgary: detecting Calgary via BIOS EBDA area
[    0.000000] Calgary: Unable to locate Rio Grande table in EBDA - bailing!
[    0.000000] Memory: 7943492K/8246572K available (12300K kernel code, 1522K rwdata, 3144K rodata, 1728K init, 884K bss, 303080K reserved, 0K cma-reserved)
[    0.000000] SLUB: HWalign=64, Order=0-3, MinObjects=0, CPUs=2, Nodes=1
[    0.000000] Kernel/User page tables isolation: enabled
[    0.000000] ftrace: allocating 38860 entries in 152 pages
[    0.000000] Hierarchical RCU implementation.
[    0.000000] 	RCU restricting CPUs from NR_CPUS=64 to nr_cpu_ids=2.
[    0.000000] RCU: Adjusting geometry for rcu_fanout_leaf=16, nr_cpu_ids=2
[    0.000000] NR_IRQS: 4352, nr_irqs: 512, preallocated irqs: 16
[    0.000000] Console: colour dummy device 80x25
[    0.000000] console [tty0] enabled
[    0.000000] ACPI: Core revision 20180105
[    0.000000] ACPI: 10 ACPI AML tables successfully acquired and loaded
[    0.000000] clocksource: hpet: mask: 0xffffffff max_cycles: 0xffffffff, max_idle_ns: 79635855245 ns
[    0.000000] hpet clockevent registered
[    0.004000] APIC: Switch to symmetric I/O mode setup
[    0.004000] x2apic: IRQ remapping doesn't support X2APIC mode
[    0.008000] ..TIMER: vector=0x30 apic1=0 pin1=2 apic2=-1 pin2=-1
[    0.028000] tsc: Detected 2900.000 MHz processor
[    0.028000] tsc: Detected 2904.000 MHz TSC
[    0.028000] clocksource: tsc-early: mask: 0xffffffffffffffff max_cycles: 0x29dc05e54fc, max_idle_ns: 440795291716 ns
[    0.028000] Calibrating delay loop (skipped), value calculated using timer frequency.. 5808.00 BogoMIPS (lpj=11616000)
[    0.028000] pid_max: default: 32768 minimum: 301
[    0.028000] Security Framework initialized
[    0.028000] Yama: becoming mindful.
[    0.028000] AppArmor: AppArmor initialized
[    0.028000] Dentry cache hash table entries: 1048576 (order: 11, 8388608 bytes)
[    0.028000] Inode-cache hash table entries: 524288 (order: 10, 4194304 bytes)
[    0.028000] Mount-cache hash table entries: 16384 (order: 5, 131072 bytes)
[    0.028000] Mountpoint-cache hash table entries: 16384 (order: 5, 131072 bytes)
[    0.028000] CPU: Physical Processor ID: 0
[    0.028000] CPU: Processor Core ID: 0
[    0.028000] ENERGY_PERF_BIAS: Set to 'normal', was 'performance'
[    0.028000] ENERGY_PERF_BIAS: View and update with x86_energy_perf_policy(8)
[    0.028000] mce: CPU supports 8 MCE banks
[    0.028000] CPU0: Thermal monitoring enabled (TM1)
[    0.028000] process: using mwait in idle threads
[    0.028000] Last level iTLB entries: 4KB 128, 2MB 8, 4MB 8
[    0.028000] Last level dTLB entries: 4KB 64, 2MB 0, 4MB 0, 1GB 4
[    0.028000] Spectre V2 : Mitigation: Full generic retpoline
[    0.028000] Spectre V2 : Spectre v2 mitigation: Filling RSB on context switch
[    0.028000] Freeing SMP alternatives memory: 36K
[    0.036127] TSC deadline timer enabled
[    0.036131] smpboot: CPU0: Intel(R) Celeron(R) CPU G3930 @ 2.90GHz (family: 0x6, model: 0x9e, stepping: 0x9)
[    0.036181] Performance Events: PEBS fmt3+, Skylake events, 32-deep LBR, full-width counters, Intel PMU driver.
[    0.036207] ... version:                4
[    0.036209] ... bit width:              48
[    0.036210] ... generic registers:      8
[    0.036212] ... value mask:             0000ffffffffffff
[    0.036214] ... max period:             00007fffffffffff
[    0.036215] ... fixed-purpose events:   3
[    0.036217] ... event mask:             00000007000000ff
[    0.036248] Hierarchical SRCU implementation.
[    0.036745] smp: Bringing up secondary CPUs ...
[    0.036790] x86: Booting SMP configuration:
[    0.036792] .... node  #0, CPUs:      #1
[    0.037036] smp: Brought up 1 node, 2 CPUs
[    0.037036] smpboot: Max logical packages: 1
[    0.037036] smpboot: Total of 2 processors activated (11616.00 BogoMIPS)
[    0.037147] devtmpfs: initialized
[    0.037147] x86/mm: Memory block size: 128MB
[    0.037147] evm: security.selinux
[    0.037147] evm: security.SMACK64
[    0.037147] evm: security.SMACK64EXEC
[    0.037147] evm: security.SMACK64TRANSMUTE
[    0.037147] evm: security.SMACK64MMAP
[    0.037147] evm: security.apparmor
[    0.037147] evm: security.ima
[    0.037147] evm: security.capability
[    0.037147] PM: Registering ACPI NVS region [mem 0x4f8b0000-0x4f8b0fff] (4096 bytes)
[    0.037147] PM: Registering ACPI NVS region [mem 0x59e05000-0x5a1f6fff] (4136960 bytes)
[    0.037147] clocksource: jiffies: mask: 0xffffffff max_cycles: 0xffffffff, max_idle_ns: 7645041785100000 ns
[    0.037147] futex hash table entries: 512 (order: 3, 32768 bytes)
[    0.037147] pinctrl core: initialized pinctrl subsystem
[    0.037147] RTC time:  9:19:31, date: 05/20/18
[    0.037147] NET: Registered protocol family 16
[    0.037147] audit: initializing netlink subsys (disabled)
[    0.037147] audit: type=2000 audit(1526807971.036:1): state=initialized audit_enabled=0 res=1
[    0.037147] cpuidle: using governor ladder
[    0.037147] cpuidle: using governor menu
[    0.037147] ACPI FADT declares the system doesn't support PCIe ASPM, so disable it
[    0.037147] ACPI: bus type PCI registered
[    0.037147] acpiphp: ACPI Hot Plug PCI Controller Driver version: 0.5
[    0.037147] PCI: MMCONFIG for domain 0000 [bus 00-ff] at [mem 0xe0000000-0xefffffff] (base 0xe0000000)
[    0.037147] PCI: MMCONFIG at [mem 0xe0000000-0xefffffff] reserved in E820
[    0.037147] PCI: Using configuration type 1 for base access
[    0.040256] HugeTLB registered 1.00 GiB page size, pre-allocated 0 pages
[    0.040256] HugeTLB registered 2.00 MiB page size, pre-allocated 0 pages
[    0.040256] ACPI: Added _OSI(Module Device)
[    0.040256] ACPI: Added _OSI(Processor Device)
[    0.040256] ACPI: Added _OSI(3.0 _SCP Extensions)
[    0.040256] ACPI: Added _OSI(Processor Aggregator Device)
[    0.041115] ACPI: Executed 33 blocks of module-level executable AML code
[    0.059588] ACPI: Dynamic OEM Table Load:
[    0.059596] ACPI: SSDT 0xFFFF9300D4C2E000 000651 (v02 PmRef  Cpu0Ist  00003000 INTL 20160422)
[    0.059860] ACPI: Executed 1 blocks of module-level executable AML code
[    0.059951] ACPI: \_PR_.CPU0: _OSC native thermal LVT Acked
[    0.061566] ACPI: Dynamic OEM Table Load:
[    0.061572] ACPI: SSDT 0xFFFF9300D4CB7000 0003FF (v02 PmRef  Cpu0Cst  00003001 INTL 20160422)
[    0.061821] ACPI: Executed 1 blocks of module-level executable AML code
[    0.061997] ACPI: Dynamic OEM Table Load:
[    0.062002] ACPI: SSDT 0xFFFF9300D4CD5E00 000115 (v02 PmRef  Cpu0Hwp  00003000 INTL 20160422)
[    0.062218] ACPI: Executed 1 blocks of module-level executable AML code
[    0.062309] ACPI: Dynamic OEM Table Load:
[    0.062314] ACPI: SSDT 0xFFFF9300D4CD4200 0001A4 (v02 PmRef  HwpLvt   00003000 INTL 20160422)
[    0.062521] ACPI: Executed 1 blocks of module-level executable AML code
[    0.062982] ACPI: Dynamic OEM Table Load:
[    0.062988] ACPI: SSDT 0xFFFF9300D4C2C800 00065C (v02 PmRef  ApIst    00003000 INTL 20160422)
[    0.063533] ACPI: Executed 1 blocks of module-level executable AML code
[    0.063698] ACPI: Dynamic OEM Table Load:
[    0.063703] ACPI: SSDT 0xFFFF9300D4CD4600 000197 (v02 PmRef  ApHwp    00003000 INTL 20160422)
[    0.063947] ACPI: Executed 1 blocks of module-level executable AML code
[    0.064119] ACPI: Dynamic OEM Table Load:
[    0.064124] ACPI: SSDT 0xFFFF9300D4CD4000 00018A (v02 PmRef  ApCst    00003000 INTL 20160422)
[    0.064368] ACPI: Executed 1 blocks of module-level executable AML code
[    0.065665] ACPI: EC: EC started
[    0.065667] ACPI: EC: interrupt blocked
[    0.065687] ACPI: \_SB_.PCI0.LPCB.EC0_: Used as first EC
[    0.065690] ACPI: \_SB_.PCI0.LPCB.EC0_: GPE=0x16, EC_CMD/EC_SC=0x66, EC_DATA=0x62
[    0.065693] ACPI: \_SB_.PCI0.LPCB.EC0_: Used as boot DSDT EC to handle transactions
[    0.065695] ACPI: Interpreter enabled
[    0.065735] ACPI: (supports S0 S3 S4 S5)
[    0.065738] ACPI: Using IOAPIC for interrupt routing
[    0.065777] PCI: Using host bridge windows from ACPI; if necessary, use "pci=nocrs" and report a bug
[    0.066977] ACPI: Enabled 9 GPEs in block 00 to 7F
[    0.073012] ACPI: Power Resource [WRST] (on)
[    0.073459] ACPI: Power Resource [WRST] (on)
[    0.073903] ACPI: Power Resource [WRST] (on)
[    0.074346] ACPI: Power Resource [WRST] (on)
[    0.074783] ACPI: Power Resource [WRST] (on)
[    0.075229] ACPI: Power Resource [WRST] (on)
[    0.075678] ACPI: Power Resource [WRST] (on)
[    0.076116] ACPI: Power Resource [WRST] (on)
[    0.076551] ACPI: Power Resource [WRST] (on)
[    0.077123] ACPI: Power Resource [WRST] (on)
[    0.077560] ACPI: Power Resource [WRST] (on)
[    0.078005] ACPI: Power Resource [WRST] (on)
[    0.078456] ACPI: Power Resource [WRST] (on)
[    0.078909] ACPI: Power Resource [WRST] (on)
[    0.079344] ACPI: Power Resource [WRST] (on)
[    0.079780] ACPI: Power Resource [WRST] (on)
[    0.080219] ACPI: Power Resource [WRST] (on)
[    0.081956] ACPI: Power Resource [WRST] (on)
[    0.082390] ACPI: Power Resource [WRST] (on)
[    0.082825] ACPI: Power Resource [WRST] (on)
[    0.101547] ACPI: PCI Root Bridge [PCI0] (domain 0000 [bus 00-fe])
[    0.101556] acpi PNP0A08:00: _OSC: OS supports [ExtendedConfig ASPM ClockPM Segments MSI]
[    0.101788] acpi PNP0A08:00: _OSC: platform does not support [PCIeHotplug PME]
[    0.102006] acpi PNP0A08:00: _OSC: OS now controls [AER PCIeCapability]
[    0.102008] acpi PNP0A08:00: FADT indicates ASPM is unsupported, using BIOS configuration
[    0.103227] PCI host bridge to bus 0000:00
[    0.103231] pci_bus 0000:00: root bus resource [io  0x0000-0x0cf7 window]
[    0.103234] pci_bus 0000:00: root bus resource [io  0x0d00-0xffff window]
[    0.103236] pci_bus 0000:00: root bus resource [mem 0x000a0000-0x000bffff window]
[    0.103239] pci_bus 0000:00: root bus resource [mem 0x60000000-0xdfffffff window]
[    0.103241] pci_bus 0000:00: root bus resource [mem 0x2000000000-0x2fffffffff window]
[    0.103244] pci_bus 0000:00: root bus resource [mem 0xfd000000-0xfe7fffff window]
[    0.103247] pci_bus 0000:00: root bus resource [bus 00-fe]
[    0.103255] pci 0000:00:00.0: [8086:590f] type 00 class 0x060000
[    0.103617] pci 0000:00:02.0: [8086:5902] type 00 class 0x030000
[    0.103626] pci 0000:00:02.0: reg 0x10: [mem 0xde000000-0xdeffffff 64bit]
[    0.103630] pci 0000:00:02.0: reg 0x18: [mem 0xc0000000-0xcfffffff 64bit pref]
[    0.103634] pci 0000:00:02.0: reg 0x20: [io  0xf000-0xf03f]
[    0.103646] pci 0000:00:02.0: BAR 2: assigned to efifb
[    0.103841] pci 0000:00:14.0: [8086:a2af] type 00 class 0x0c0330
[    0.103861] pci 0000:00:14.0: reg 0x10: [mem 0x2ffff10000-0x2ffff1ffff 64bit]
[    0.103919] pci 0000:00:14.0: PME# supported from D3hot D3cold
[    0.104166] pci 0000:00:16.0: [8086:a2ba] type 00 class 0x078000
[    0.104186] pci 0000:00:16.0: reg 0x10: [mem 0x2ffff25000-0x2ffff25fff 64bit]
[    0.104234] pci 0000:00:16.0: PME# supported from D3hot
[    0.104442] pci 0000:00:17.0: [8086:a282] type 00 class 0x010601
[    0.104459] pci 0000:00:17.0: reg 0x10: [mem 0xdf624000-0xdf625fff]
[    0.104466] pci 0000:00:17.0: reg 0x14: [mem 0xdf627000-0xdf6270ff]
[    0.104474] pci 0000:00:17.0: reg 0x18: [io  0xf090-0xf097]
[    0.104482] pci 0000:00:17.0: reg 0x1c: [io  0xf080-0xf083]
[    0.104490] pci 0000:00:17.0: reg 0x20: [io  0xf060-0xf07f]
[    0.104498] pci 0000:00:17.0: reg 0x24: [mem 0xdf626000-0xdf6267ff]
[    0.104536] pci 0000:00:17.0: PME# supported from D3hot
[    0.104694] pci 0000:00:1b.0: [8086:a2e7] type 01 class 0x060400
[    0.104756] pci 0000:00:1b.0: PME# supported from D0 D3hot D3cold
[    0.104948] pci 0000:00:1b.4: [8086:a2eb] type 01 class 0x060400
[    0.105003] pci 0000:00:1b.4: PME# supported from D0 D3hot D3cold
[    0.105195] pci 0000:00:1c.0: [8086:a290] type 01 class 0x060400
[    0.105251] pci 0000:00:1c.0: PME# supported from D0 D3hot D3cold
[    0.105433] pci 0000:00:1c.1: [8086:a291] type 01 class 0x060400
[    0.105488] pci 0000:00:1c.1: PME# supported from D0 D3hot D3cold
[    0.105675] pci 0000:00:1c.4: [8086:a294] type 01 class 0x060400
[    0.105731] pci 0000:00:1c.4: PME# supported from D0 D3hot D3cold
[    0.105914] pci 0000:00:1c.6: [8086:a296] type 01 class 0x060400
[    0.105970] pci 0000:00:1c.6: PME# supported from D0 D3hot D3cold
[    0.106155] pci 0000:00:1c.7: [8086:a297] type 01 class 0x060400
[    0.106210] pci 0000:00:1c.7: PME# supported from D0 D3hot D3cold
[    0.106392] pci 0000:00:1d.0: [8086:a298] type 01 class 0x060400
[    0.106453] pci 0000:00:1d.0: PME# supported from D0 D3hot D3cold
[    0.106659] pci 0000:00:1f.0: [8086:a2c5] type 00 class 0x060100
[    0.106903] pci 0000:00:1f.2: [8086:a2a1] type 00 class 0x058000
[    0.106917] pci 0000:00:1f.2: reg 0x10: [mem 0xdf620000-0xdf623fff]
[    0.107108] pci 0000:00:1f.3: [8086:a2f0] type 00 class 0x040300
[    0.107134] pci 0000:00:1f.3: reg 0x10: [mem 0x2ffff20000-0x2ffff23fff 64bit]
[    0.107164] pci 0000:00:1f.3: reg 0x20: [mem 0x2ffff00000-0x2ffff0ffff 64bit]
[    0.107210] pci 0000:00:1f.3: PME# supported from D3hot D3cold
[    0.107462] pci 0000:00:1f.4: [8086:a2a3] type 00 class 0x0c0500
[    0.107522] pci 0000:00:1f.4: reg 0x10: [mem 0x2ffff24000-0x2ffff240ff 64bit]
[    0.107591] pci 0000:00:1f.4: reg 0x20: [io  0xf040-0xf05f]
[    0.107811] pci 0000:00:1f.6: [8086:15b8] type 00 class 0x020000
[    0.107837] pci 0000:00:1f.6: reg 0x10: [mem 0xdf600000-0xdf61ffff]
[    0.107940] pci 0000:00:1f.6: PME# supported from D0 D3hot D3cold
[    0.108165] pci 0000:00:1b.0: PCI bridge to [bus 01]
[    0.108259] pci 0000:02:00.0: [1002:67df] type 00 class 0x030000
[    0.108311] pci 0000:02:00.0: reg 0x10: [mem 0x2fe0000000-0x2fefffffff 64bit pref]
[    0.108328] pci 0000:02:00.0: reg 0x18: [mem 0x2ff0000000-0x2ff01fffff 64bit pref]
[    0.108338] pci 0000:02:00.0: reg 0x20: [io  0xe000-0xe0ff]
[    0.108348] pci 0000:02:00.0: reg 0x24: [mem 0xdf500000-0xdf53ffff]
[    0.108357] pci 0000:02:00.0: reg 0x30: [mem 0xdf540000-0xdf55ffff pref]
[    0.108368] pci 0000:02:00.0: enabling Extended Tags
[    0.108496] pci 0000:02:00.0: supports D1 D2
[    0.108497] pci 0000:02:00.0: PME# supported from D1 D2 D3hot D3cold
[    0.108638] pci 0000:02:00.1: [1002:aaf0] type 00 class 0x040300
[    0.108682] pci 0000:02:00.1: reg 0x10: [mem 0xdf560000-0xdf563fff 64bit]
[    0.108753] pci 0000:02:00.1: enabling Extended Tags
[    0.108849] pci 0000:02:00.1: supports D1 D2
[    0.108942] pci 0000:00:1b.4: PCI bridge to [bus 02]
[    0.108945] pci 0000:00:1b.4:   bridge window [io  0xe000-0xefff]
[    0.108948] pci 0000:00:1b.4:   bridge window [mem 0xdf500000-0xdf5fffff]
[    0.108951] pci 0000:00:1b.4:   bridge window [mem 0x2fe0000000-0x2ff01fffff 64bit pref]
[    0.109041] pci 0000:03:00.0: [1002:67df] type 00 class 0x030000
[    0.109092] pci 0000:03:00.0: reg 0x10: [mem 0x2fc0000000-0x2fcfffffff 64bit pref]
[    0.109109] pci 0000:03:00.0: reg 0x18: [mem 0x2fd0000000-0x2fd01fffff 64bit pref]
[    0.109119] pci 0000:03:00.0: reg 0x20: [io  0xd000-0xd0ff]
[    0.109128] pci 0000:03:00.0: reg 0x24: [mem 0xdf400000-0xdf43ffff]
[    0.109138] pci 0000:03:00.0: reg 0x30: [mem 0xdf440000-0xdf45ffff pref]
[    0.109149] pci 0000:03:00.0: enabling Extended Tags
[    0.109275] pci 0000:03:00.0: supports D1 D2
[    0.109276] pci 0000:03:00.0: PME# supported from D1 D2 D3hot D3cold
[    0.109464] pci 0000:03:00.1: [1002:aaf0] type 00 class 0x040300
[    0.109507] pci 0000:03:00.1: reg 0x10: [mem 0xdf460000-0xdf463fff 64bit]
[    0.109578] pci 0000:03:00.1: enabling Extended Tags
[    0.109673] pci 0000:03:00.1: supports D1 D2
[    0.109764] pci 0000:00:1c.0: PCI bridge to [bus 03]
[    0.109768] pci 0000:00:1c.0:   bridge window [io  0xd000-0xdfff]
[    0.109770] pci 0000:00:1c.0:   bridge window [mem 0xdf400000-0xdf4fffff]
[    0.109774] pci 0000:00:1c.0:   bridge window [mem 0x2fc0000000-0x2fd01fffff 64bit pref]
[    0.109863] pci 0000:04:00.0: [1002:67df] type 00 class 0x030000
[    0.109914] pci 0000:04:00.0: reg 0x10: [mem 0x2fa0000000-0x2fafffffff 64bit pref]
[    0.109931] pci 0000:04:00.0: reg 0x18: [mem 0x2fb0000000-0x2fb01fffff 64bit pref]
[    0.109940] pci 0000:04:00.0: reg 0x20: [io  0xc000-0xc0ff]
[    0.109950] pci 0000:04:00.0: reg 0x24: [mem 0xdf300000-0xdf33ffff]
[    0.109960] pci 0000:04:00.0: reg 0x30: [mem 0xdf340000-0xdf35ffff pref]
[    0.109970] pci 0000:04:00.0: enabling Extended Tags
[    0.110097] pci 0000:04:00.0: supports D1 D2
[    0.110098] pci 0000:04:00.0: PME# supported from D1 D2 D3hot D3cold
[    0.110281] pci 0000:04:00.1: [1002:aaf0] type 00 class 0x040300
[    0.110325] pci 0000:04:00.1: reg 0x10: [mem 0xdf360000-0xdf363fff 64bit]
[    0.110396] pci 0000:04:00.1: enabling Extended Tags
[    0.110490] pci 0000:04:00.1: supports D1 D2
[    0.110578] pci 0000:00:1c.1: PCI bridge to [bus 04]
[    0.110581] pci 0000:00:1c.1:   bridge window [io  0xc000-0xcfff]
[    0.110583] pci 0000:00:1c.1:   bridge window [mem 0xdf300000-0xdf3fffff]
[    0.110587] pci 0000:00:1c.1:   bridge window [mem 0x2fa0000000-0x2fb01fffff 64bit pref]
[    0.110675] pci 0000:05:00.0: [1b21:2142] type 00 class 0x0c0330
[    0.110712] pci 0000:05:00.0: reg 0x10: [mem 0xdf200000-0xdf207fff 64bit]
[    0.110776] pci 0000:05:00.0: enabling Extended Tags
[    0.110863] pci 0000:05:00.0: PME# supported from D0 D3hot D3cold
[    0.110996] pci 0000:00:1c.4: PCI bridge to [bus 05]
[    0.111001] pci 0000:00:1c.4:   bridge window [mem 0xdf200000-0xdf2fffff]
[    0.111094] pci 0000:06:00.0: [1002:67df] type 00 class 0x030000
[    0.111145] pci 0000:06:00.0: reg 0x10: [mem 0x2f80000000-0x2f8fffffff 64bit pref]
[    0.111162] pci 0000:06:00.0: reg 0x18: [mem 0x2f90000000-0x2f901fffff 64bit pref]
[    0.111172] pci 0000:06:00.0: reg 0x20: [io  0xb000-0xb0ff]
[    0.111181] pci 0000:06:00.0: reg 0x24: [mem 0xdf100000-0xdf13ffff]
[    0.111191] pci 0000:06:00.0: reg 0x30: [mem 0xdf140000-0xdf15ffff pref]
[    0.111202] pci 0000:06:00.0: enabling Extended Tags
[    0.111328] pci 0000:06:00.0: supports D1 D2
[    0.111329] pci 0000:06:00.0: PME# supported from D1 D2 D3hot D3cold
[    0.111515] pci 0000:06:00.1: [1002:aaf0] type 00 class 0x040300
[    0.111558] pci 0000:06:00.1: reg 0x10: [mem 0xdf160000-0xdf163fff 64bit]
[    0.111629] pci 0000:06:00.1: enabling Extended Tags
[    0.111724] pci 0000:06:00.1: supports D1 D2
[    0.111812] pci 0000:00:1c.6: PCI bridge to [bus 06]
[    0.111816] pci 0000:00:1c.6:   bridge window [io  0xb000-0xbfff]
[    0.111818] pci 0000:00:1c.6:   bridge window [mem 0xdf100000-0xdf1fffff]
[    0.111822] pci 0000:00:1c.6:   bridge window [mem 0x2f80000000-0x2f901fffff 64bit pref]
[    0.111911] pci 0000:07:00.0: [1002:67df] type 00 class 0x030000
[    0.111962] pci 0000:07:00.0: reg 0x10: [mem 0x2f60000000-0x2f6fffffff 64bit pref]
[    0.111978] pci 0000:07:00.0: reg 0x18: [mem 0x2f70000000-0x2f701fffff 64bit pref]
[    0.111988] pci 0000:07:00.0: reg 0x20: [io  0xa000-0xa0ff]
[    0.111998] pci 0000:07:00.0: reg 0x24: [mem 0xdf000000-0xdf03ffff]
[    0.112007] pci 0000:07:00.0: reg 0x30: [mem 0xdf040000-0xdf05ffff pref]
[    0.112018] pci 0000:07:00.0: enabling Extended Tags
[    0.112144] pci 0000:07:00.0: supports D1 D2
[    0.112145] pci 0000:07:00.0: PME# supported from D1 D2 D3hot D3cold
[    0.112334] pci 0000:07:00.1: [1002:aaf0] type 00 class 0x040300
[    0.112378] pci 0000:07:00.1: reg 0x10: [mem 0xdf060000-0xdf063fff 64bit]
[    0.112448] pci 0000:07:00.1: enabling Extended Tags
[    0.112544] pci 0000:07:00.1: supports D1 D2
[    0.112630] pci 0000:00:1c.7: PCI bridge to [bus 07]
[    0.112634] pci 0000:00:1c.7:   bridge window [io  0xa000-0xafff]
[    0.112636] pci 0000:00:1c.7:   bridge window [mem 0xdf000000-0xdf0fffff]
[    0.112639] pci 0000:00:1c.7:   bridge window [mem 0x2f60000000-0x2f701fffff 64bit pref]
[    0.112713] pci 0000:00:1d.0: PCI bridge to [bus 08]
[    0.115147] ACPI: PCI Interrupt Link [LNKA] (IRQs 3 4 5 6 10 *11 12 14 15)
[    0.115211] ACPI: PCI Interrupt Link [LNKB] (IRQs 3 4 5 6 *10 11 12 14 15)
[    0.115273] ACPI: PCI Interrupt Link [LNKC] (IRQs 3 4 5 6 10 *11 12 14 15)
[    0.115334] ACPI: PCI Interrupt Link [LNKD] (IRQs 3 4 5 6 10 *11 12 14 15)
[    0.115395] ACPI: PCI Interrupt Link [LNKE] (IRQs 3 4 5 6 10 *11 12 14 15)
[    0.115456] ACPI: PCI Interrupt Link [LNKF] (IRQs 3 4 5 6 10 *11 12 14 15)
[    0.115517] ACPI: PCI Interrupt Link [LNKG] (IRQs 3 4 5 6 10 *11 12 14 15)
[    0.115578] ACPI: PCI Interrupt Link [LNKH] (IRQs 3 4 5 6 10 *11 12 14 15)
[    0.115986] ACPI: EC: interrupt unblocked
[    0.116000] ACPI: EC: event unblocked
[    0.116003] ACPI: \_SB_.PCI0.LPCB.EC0_: GPE=0x16, EC_CMD/EC_SC=0x66, EC_DATA=0x62
[    0.116006] ACPI: \_SB_.PCI0.LPCB.EC0_: Used as boot DSDT EC to handle transactions and events
[    0.116182] SCSI subsystem initialized
[    0.116208] libata version 3.00 loaded.
[    0.116208] pci 0000:00:02.0: vgaarb: setting as boot VGA device
[    0.116208] pci 0000:00:02.0: vgaarb: VGA device added: decodes=io+mem,owns=io+mem,locks=none
[    0.116208] pci 0000:02:00.0: vgaarb: VGA device added: decodes=io+mem,owns=none,locks=none
[    0.116208] pci 0000:03:00.0: vgaarb: VGA device added: decodes=io+mem,owns=none,locks=none
[    0.116208] pci 0000:04:00.0: vgaarb: VGA device added: decodes=io+mem,owns=none,locks=none
[    0.116208] pci 0000:06:00.0: vgaarb: VGA device added: decodes=io+mem,owns=none,locks=none
[    0.116208] pci 0000:07:00.0: vgaarb: VGA device added: decodes=io+mem,owns=none,locks=none
[    0.116208] pci 0000:07:00.0: vgaarb: bridge control possible
[    0.116208] pci 0000:06:00.0: vgaarb: bridge control possible
[    0.116208] pci 0000:04:00.0: vgaarb: bridge control possible
[    0.116208] pci 0000:03:00.0: vgaarb: bridge control possible
[    0.116208] pci 0000:02:00.0: vgaarb: bridge control possible
[    0.116208] pci 0000:00:02.0: vgaarb: no bridge control possible
[    0.116208] vgaarb: loaded
[    0.116208] ACPI: bus type USB registered
[    0.116208] usbcore: registered new interface driver usbfs
[    0.116208] usbcore: registered new interface driver hub
[    0.116208] usbcore: registered new device driver usb
[    0.116208] EDAC MC: Ver: 3.0.0
[    0.116208] Registered efivars operations
[    0.141264] PCI: Using ACPI for IRQ routing
[    0.168721] PCI: pci_cache_line_size set to 64 bytes
[    0.168809] e820: reserve RAM buffer [mem 0x00058000-0x0005ffff]
[    0.168811] e820: reserve RAM buffer [mem 0x0009f000-0x0009ffff]
[    0.168811] e820: reserve RAM buffer [mem 0x4a1c7018-0x4bffffff]
[    0.168813] e820: reserve RAM buffer [mem 0x4a1d8018-0x4bffffff]
[    0.168814] e820: reserve RAM buffer [mem 0x4a1f5018-0x4bffffff]
[    0.168815] e820: reserve RAM buffer [mem 0x4a212018-0x4bffffff]
[    0.168815] e820: reserve RAM buffer [mem 0x4a230018-0x4bffffff]
[    0.168816] e820: reserve RAM buffer [mem 0x4a24e018-0x4bffffff]
[    0.168817] e820: reserve RAM buffer [mem 0x4e97a018-0x4fffffff]
[    0.168818] e820: reserve RAM buffer [mem 0x4f8b0000-0x4fffffff]
[    0.168819] e820: reserve RAM buffer [mem 0x58552000-0x5bffffff]
[    0.168820] e820: reserve RAM buffer [mem 0x5b400000-0x5bffffff]
[    0.168820] e820: reserve RAM buffer [mem 0x29f000000-0x29fffffff]
[    0.168886] NetLabel: Initializing
[    0.168888] NetLabel:  domain hash size = 128
[    0.168889] NetLabel:  protocols = UNLABELED CIPSOv4 CALIPSO
[    0.168902] NetLabel:  unlabeled traffic allowed by default
[    0.168913] hpet0: at MMIO 0xfed00000, IRQs 2, 8, 0, 0, 0, 0, 0, 0
[    0.168913] hpet0: 8 comparators, 64-bit 24.000000 MHz counter
[    0.169022] clocksource: Switched to clocksource tsc-early
[    0.176031] VFS: Disk quotas dquot_6.6.0
[    0.176044] VFS: Dquot-cache hash table entries: 512 (order 0, 4096 bytes)
[    0.176119] AppArmor: AppArmor Filesystem Enabled
[    0.176141] pnp: PnP ACPI init
[    0.176433] system 00:00: [io  0x0290-0x029f] has been reserved
[    0.176439] system 00:00: Plug and Play ACPI device, IDs PNP0c02 (active)
[    0.176862] pnp 00:01: [dma 0 disabled]
[    0.176900] pnp 00:01: Plug and Play ACPI device, IDs PNP0501 (active)
[    0.177039] system 00:02: [io  0x0680-0x069f] has been reserved
[    0.177042] system 00:02: [io  0xffff] has been reserved
[    0.177045] system 00:02: [io  0xffff] has been reserved
[    0.177047] system 00:02: [io  0xffff] has been reserved
[    0.177050] system 00:02: [io  0x1800-0x18fe] has been reserved
[    0.177052] system 00:02: [io  0x164e-0x164f] has been reserved
[    0.177056] system 00:02: Plug and Play ACPI device, IDs PNP0c02 (active)
[    0.177147] system 00:03: [io  0x0800-0x087f] has been reserved
[    0.177151] system 00:03: Plug and Play ACPI device, IDs PNP0c02 (active)
[    0.177167] pnp 00:04: Plug and Play ACPI device, IDs PNP0b00 (active)
[    0.177204] system 00:05: [io  0x1854-0x1857] has been reserved
[    0.177208] system 00:05: Plug and Play ACPI device, IDs INT3f0d PNP0c02 (active)
[    0.177480] system 00:06: [mem 0xfed10000-0xfed17fff] has been reserved
[    0.177483] system 00:06: [mem 0xfed18000-0xfed18fff] has been reserved
[    0.177485] system 00:06: [mem 0xfed19000-0xfed19fff] has been reserved
[    0.177488] system 00:06: [mem 0xe0000000-0xefffffff] has been reserved
[    0.177490] system 00:06: [mem 0xfed20000-0xfed3ffff] has been reserved
[    0.177493] system 00:06: [mem 0xfed90000-0xfed93fff] has been reserved
[    0.177495] system 00:06: [mem 0xfed45000-0xfed8ffff] has been reserved
[    0.177498] system 00:06: [mem 0xff000000-0xffffffff] has been reserved
[    0.177501] system 00:06: [mem 0xfee00000-0xfeefffff] could not be reserved
[    0.177503] system 00:06: [mem 0xdffe0000-0xdfffffff] has been reserved
[    0.177507] system 00:06: Plug and Play ACPI device, IDs PNP0c02 (active)
[    0.177552] system 00:07: [mem 0xfd000000-0xfdabffff] has been reserved
[    0.177555] system 00:07: [mem 0xfdad0000-0xfdadffff] has been reserved
[    0.177558] system 00:07: [mem 0xfdac0000-0xfdacffff] has been reserved
[    0.177560] system 00:07: [mem 0xfdae0000-0xfdaeffff] has been reserved
[    0.177563] system 00:07: [mem 0xfdaf0000-0xfdafffff] has been reserved
[    0.177565] system 00:07: [mem 0xfdb00000-0xfdffffff] has been reserved
[    0.177568] system 00:07: [mem 0xfe000000-0xfe01ffff] could not be reserved
[    0.177570] system 00:07: [mem 0xfe036000-0xfe03bfff] has been reserved
[    0.177573] system 00:07: [mem 0xfe03d000-0xfe3fffff] has been reserved
[    0.177575] system 00:07: [mem 0xfe410000-0xfe7fffff] has been reserved
[    0.177579] system 00:07: Plug and Play ACPI device, IDs PNP0c02 (active)
[    0.177894] system 00:08: [io  0xfe00-0xfefe] has been reserved
[    0.177899] system 00:08: Plug and Play ACPI device, IDs PNP0c02 (active)
[    0.179213] system 00:09: [mem 0xfdaf0000-0xfdafffff] has been reserved
[    0.179217] system 00:09: [mem 0xfdae0000-0xfdaeffff] has been reserved
[    0.179219] system 00:09: [mem 0xfdac0000-0xfdacffff] has been reserved
[    0.179224] system 00:09: Plug and Play ACPI device, IDs PNP0c02 (active)
[    0.180201] pnp: PnP ACPI: found 10 devices
[    0.185576] clocksource: acpi_pm: mask: 0xffffff max_cycles: 0xffffff, max_idle_ns: 2085701024 ns
[    0.185593] pci 0000:00:1b.0: bridge window [io  0x1000-0x0fff] to [bus 01] add_size 1000
[    0.185596] pci 0000:00:1b.0: bridge window [mem 0x00100000-0x000fffff 64bit pref] to [bus 01] add_size 200000 add_align 100000
[    0.185597] pci 0000:00:1b.0: bridge window [mem 0x00100000-0x000fffff] to [bus 01] add_size 200000 add_align 100000
[    0.185626] pci 0000:00:1d.0: bridge window [io  0x1000-0x0fff] to [bus 08] add_size 1000
[    0.185628] pci 0000:00:1d.0: bridge window [mem 0x00100000-0x000fffff 64bit pref] to [bus 08] add_size 200000 add_align 100000
[    0.185629] pci 0000:00:1d.0: bridge window [mem 0x00100000-0x000fffff] to [bus 08] add_size 200000 add_align 100000
[    0.185634] pci 0000:00:1b.0: BAR 14: assigned [mem 0x60000000-0x601fffff]
[    0.185639] pci 0000:00:1b.0: BAR 15: assigned [mem 0x2000000000-0x20001fffff 64bit pref]
[    0.185643] pci 0000:00:1d.0: BAR 14: assigned [mem 0x60200000-0x603fffff]
[    0.185646] pci 0000:00:1d.0: BAR 15: assigned [mem 0x2000200000-0x20003fffff 64bit pref]
[    0.185650] pci 0000:00:1b.0: BAR 13: assigned [io  0x2000-0x2fff]
[    0.185652] pci 0000:00:1d.0: BAR 13: assigned [io  0x3000-0x3fff]
[    0.185656] pci 0000:00:1b.0: PCI bridge to [bus 01]
[    0.185661] pci 0000:00:1b.0:   bridge window [io  0x2000-0x2fff]
[    0.185665] pci 0000:00:1b.0:   bridge window [mem 0x60000000-0x601fffff]
[    0.185669] pci 0000:00:1b.0:   bridge window [mem 0x2000000000-0x20001fffff 64bit pref]
[    0.185675] pci 0000:00:1b.4: PCI bridge to [bus 02]
[    0.185678] pci 0000:00:1b.4:   bridge window [io  0xe000-0xefff]
[    0.185682] pci 0000:00:1b.4:   bridge window [mem 0xdf500000-0xdf5fffff]
[    0.185685] pci 0000:00:1b.4:   bridge window [mem 0x2fe0000000-0x2ff01fffff 64bit pref]
[    0.185690] pci 0000:00:1c.0: PCI bridge to [bus 03]
[    0.185693] pci 0000:00:1c.0:   bridge window [io  0xd000-0xdfff]
[    0.185697] pci 0000:00:1c.0:   bridge window [mem 0xdf400000-0xdf4fffff]
[    0.185700] pci 0000:00:1c.0:   bridge window [mem 0x2fc0000000-0x2fd01fffff 64bit pref]
[    0.185706] pci 0000:00:1c.1: PCI bridge to [bus 04]
[    0.185708] pci 0000:00:1c.1:   bridge window [io  0xc000-0xcfff]
[    0.185712] pci 0000:00:1c.1:   bridge window [mem 0xdf300000-0xdf3fffff]
[    0.185716] pci 0000:00:1c.1:   bridge window [mem 0x2fa0000000-0x2fb01fffff 64bit pref]
[    0.185721] pci 0000:00:1c.4: PCI bridge to [bus 05]
[    0.185725] pci 0000:00:1c.4:   bridge window [mem 0xdf200000-0xdf2fffff]
[    0.185731] pci 0000:00:1c.6: PCI bridge to [bus 06]
[    0.185734] pci 0000:00:1c.6:   bridge window [io  0xb000-0xbfff]
[    0.185738] pci 0000:00:1c.6:   bridge window [mem 0xdf100000-0xdf1fffff]
[    0.185742] pci 0000:00:1c.6:   bridge window [mem 0x2f80000000-0x2f901fffff 64bit pref]
[    0.185747] pci 0000:00:1c.7: PCI bridge to [bus 07]
[    0.185749] pci 0000:00:1c.7:   bridge window [io  0xa000-0xafff]
[    0.185753] pci 0000:00:1c.7:   bridge window [mem 0xdf000000-0xdf0fffff]
[    0.185757] pci 0000:00:1c.7:   bridge window [mem 0x2f60000000-0x2f701fffff 64bit pref]
[    0.185762] pci 0000:00:1d.0: PCI bridge to [bus 08]
[    0.185765] pci 0000:00:1d.0:   bridge window [io  0x3000-0x3fff]
[    0.185769] pci 0000:00:1d.0:   bridge window [mem 0x60200000-0x603fffff]
[    0.185773] pci 0000:00:1d.0:   bridge window [mem 0x2000200000-0x20003fffff 64bit pref]
[    0.185779] pci_bus 0000:00: resource 4 [io  0x0000-0x0cf7 window]
[    0.185780] pci_bus 0000:00: resource 5 [io  0x0d00-0xffff window]
[    0.185781] pci_bus 0000:00: resource 6 [mem 0x000a0000-0x000bffff window]
[    0.185782] pci_bus 0000:00: resource 7 [mem 0x60000000-0xdfffffff window]
[    0.185784] pci_bus 0000:00: resource 8 [mem 0x2000000000-0x2fffffffff window]
[    0.185785] pci_bus 0000:00: resource 9 [mem 0xfd000000-0xfe7fffff window]
[    0.185786] pci_bus 0000:01: resource 0 [io  0x2000-0x2fff]
[    0.185787] pci_bus 0000:01: resource 1 [mem 0x60000000-0x601fffff]
[    0.185788] pci_bus 0000:01: resource 2 [mem 0x2000000000-0x20001fffff 64bit pref]
[    0.185789] pci_bus 0000:02: resource 0 [io  0xe000-0xefff]
[    0.185790] pci_bus 0000:02: resource 1 [mem 0xdf500000-0xdf5fffff]
[    0.185791] pci_bus 0000:02: resource 2 [mem 0x2fe0000000-0x2ff01fffff 64bit pref]
[    0.185792] pci_bus 0000:03: resource 0 [io  0xd000-0xdfff]
[    0.185793] pci_bus 0000:03: resource 1 [mem 0xdf400000-0xdf4fffff]
[    0.185795] pci_bus 0000:03: resource 2 [mem 0x2fc0000000-0x2fd01fffff 64bit pref]
[    0.185796] pci_bus 0000:04: resource 0 [io  0xc000-0xcfff]
[    0.185797] pci_bus 0000:04: resource 1 [mem 0xdf300000-0xdf3fffff]
[    0.185798] pci_bus 0000:04: resource 2 [mem 0x2fa0000000-0x2fb01fffff 64bit pref]
[    0.185799] pci_bus 0000:05: resource 1 [mem 0xdf200000-0xdf2fffff]
[    0.185800] pci_bus 0000:06: resource 0 [io  0xb000-0xbfff]
[    0.185801] pci_bus 0000:06: resource 1 [mem 0xdf100000-0xdf1fffff]
[    0.185802] pci_bus 0000:06: resource 2 [mem 0x2f80000000-0x2f901fffff 64bit pref]
[    0.185803] pci_bus 0000:07: resource 0 [io  0xa000-0xafff]
[    0.185804] pci_bus 0000:07: resource 1 [mem 0xdf000000-0xdf0fffff]
[    0.185805] pci_bus 0000:07: resource 2 [mem 0x2f60000000-0x2f701fffff 64bit pref]
[    0.185806] pci_bus 0000:08: resource 0 [io  0x3000-0x3fff]
[    0.185807] pci_bus 0000:08: resource 1 [mem 0x60200000-0x603fffff]
[    0.185808] pci_bus 0000:08: resource 2 [mem 0x2000200000-0x20003fffff 64bit pref]
[    0.185979] NET: Registered protocol family 2
[    0.186078] tcp_listen_portaddr_hash hash table entries: 4096 (order: 4, 65536 bytes)
[    0.186099] TCP established hash table entries: 65536 (order: 7, 524288 bytes)
[    0.186180] TCP bind hash table entries: 65536 (order: 8, 1048576 bytes)
[    0.186317] TCP: Hash tables configured (established 65536 bind 65536)
[    0.186340] UDP hash table entries: 4096 (order: 5, 131072 bytes)
[    0.186361] UDP-Lite hash table entries: 4096 (order: 5, 131072 bytes)
[    0.186404] NET: Registered protocol family 1
[    0.186415] pci 0000:00:02.0: Video device with shadowed ROM at [mem 0x000c0000-0x000dffff]
[    0.186658] pci 0000:02:00.1: Linked as a consumer to 0000:02:00.0
[    0.186736] pci 0000:03:00.1: Linked as a consumer to 0000:03:00.0
[    0.186807] pci 0000:04:00.1: Linked as a consumer to 0000:04:00.0
[    0.187049] pci 0000:06:00.1: Linked as a consumer to 0000:06:00.0
[    0.187122] pci 0000:07:00.1: Linked as a consumer to 0000:07:00.0
[    0.187127] PCI: CLS 64 bytes, default 64
[    0.187216] Unpacking initramfs...
[    0.757811] Freeing initrd memory: 45364K
[    0.757849] PCI-DMA: Using software bounce buffering for IO (SWIOTLB)
[    0.757852] software IO TLB [mem 0x50c16000-0x54c16000] (64MB) mapped at [000000002dbfd892-00000000878bb910]
[    0.757936] clocksource: tsc: mask: 0xffffffffffffffff max_cycles: 0x29dc05e54fc, max_idle_ns: 440795291716 ns
[    0.757945] clocksource: Switched to clocksource tsc
[    0.757988] Scanning for low memory corruption every 60 seconds
[    0.758420] Initialise system trusted keyrings
[    0.758428] Key type blacklist registered
[    0.758446] workingset: timestamp_bits=40 max_order=21 bucket_order=0
[    0.759296] zbud: loaded
[    0.759683] squashfs: version 4.0 (2009/01/31) Phillip Lougher
[    0.759796] fuse init (API version 7.26)
[    0.760535] Key type asymmetric registered
[    0.760538] Asymmetric key parser 'x509' registered
[    0.760565] Block layer SCSI generic (bsg) driver version 0.4 loaded (major 246)
[    0.760584] io scheduler noop registered
[    0.760586] io scheduler deadline registered
[    0.760619] io scheduler cfq registered (default)
[    0.761653] pcieport 0000:00:1b.4: AER enabled with IRQ 120
[    0.761673] pcieport 0000:00:1c.0: AER enabled with IRQ 121
[    0.761690] pcieport 0000:00:1c.1: AER enabled with IRQ 122
[    0.761708] pcieport 0000:00:1c.4: AER enabled with IRQ 123
[    0.761725] pcieport 0000:00:1c.6: AER enabled with IRQ 124
[    0.761741] pcieport 0000:00:1c.7: AER enabled with IRQ 125
[    0.761794] efifb: probing for efifb
[    0.761806] efifb: framebuffer at 0xc0000000, using 3072k, total 3072k
[    0.761808] efifb: mode is 1024x768x32, linelength=4096, pages=1
[    0.761810] efifb: scrolling: redraw
[    0.761812] efifb: Truecolor: size=8:8:8:8, shift=24:16:8:0
[    0.763046] Console: switching to colour frame buffer device 128x48
[    0.764236] fb0: EFI VGA frame buffer device
[    0.764254] intel_idle: MWAIT substates: 0x142120
[    0.764255] intel_idle: v0.4.1 model 0x9E
[    0.764308] intel_idle: lapic_timer_reliable_states 0xffffffff
[    0.764412] input: Sleep Button as /devices/LNXSYSTM:00/LNXSYBUS:00/PNP0C0E:00/input/input0
[    0.764440] ACPI: Sleep Button [SLPB]
[    0.764474] input: Power Button as /devices/LNXSYSTM:00/LNXSYBUS:00/PNP0C0C:00/input/input1
[    0.764501] ACPI: Power Button [PWRB]
[    0.764532] input: Power Button as /devices/LNXSYSTM:00/LNXPWRBN:00/input/input2
[    0.764562] ACPI: Power Button [PWRF]
[    0.765068] Serial: 8250/16550 driver, 32 ports, IRQ sharing enabled
[    0.785866] 00:01: ttyS0 at I/O 0x3f8 (irq = 4, base_baud = 115200) is a 16550A
[    0.787287] Linux agpgart interface v0.103
[    0.788164] loop: module loaded
[    0.788396] libphy: Fixed MDIO Bus: probed
[    0.788410] tun: Universal TUN/TAP device driver, 1.6
[    0.788443] PPP generic driver version 2.4.2
[    0.788480] ehci_hcd: USB 2.0 'Enhanced' Host Controller (EHCI) Driver
[    0.788499] ehci-pci: EHCI PCI platform driver
[    0.788520] ehci-platform: EHCI generic platform driver
[    0.788541] ohci_hcd: USB 1.1 'Open' Host Controller (OHCI) Driver
[    0.788559] ohci-pci: OHCI PCI platform driver
[    0.788579] ohci-platform: OHCI generic platform driver
[    0.788597] uhci_hcd: USB Universal Host Controller Interface driver
[    0.788763] xhci_hcd 0000:00:14.0: xHCI Host Controller
[    0.788784] xhci_hcd 0000:00:14.0: new USB bus registered, assigned bus number 1
[    0.790313] xhci_hcd 0000:00:14.0: hcc params 0x200077c1 hci version 0x100 quirks 0x00009810
[    0.790806] xhci_hcd 0000:00:14.0: cache line size of 64 is not supported
[    0.790921] usb usb1: New USB device found, idVendor=1d6b, idProduct=0002
[    0.791404] usb usb1: New USB device strings: Mfr=3, Product=2, SerialNumber=1
[    0.791884] usb usb1: Product: xHCI Host Controller
[    0.792376] usb usb1: Manufacturer: Linux 4.16.3+ xhci-hcd
[    0.792851] usb usb1: SerialNumber: 0000:00:14.0
[    0.793399] hub 1-0:1.0: USB hub found
[    0.793886] hub 1-0:1.0: 16 ports detected
[    0.796181] xhci_hcd 0000:00:14.0: xHCI Host Controller
[    0.796653] xhci_hcd 0000:00:14.0: new USB bus registered, assigned bus number 2
[    0.797142] usb usb2: New USB device found, idVendor=1d6b, idProduct=0003
[    0.797617] usb usb2: New USB device strings: Mfr=3, Product=2, SerialNumber=1
[    0.798102] usb usb2: Product: xHCI Host Controller
[    0.798577] usb usb2: Manufacturer: Linux 4.16.3+ xhci-hcd
[    0.799067] usb usb2: SerialNumber: 0000:00:14.0
[    0.799646] hub 2-0:1.0: USB hub found
[    0.800160] hub 2-0:1.0: 10 ports detected
[    0.801924] xhci_hcd 0000:05:00.0: xHCI Host Controller
[    0.802441] xhci_hcd 0000:05:00.0: new USB bus registered, assigned bus number 3
[    0.857802] xhci_hcd 0000:05:00.0: hcc params 0x0200ef81 hci version 0x110 quirks 0x00000010
[    0.858480] usb usb3: New USB device found, idVendor=1d6b, idProduct=0002
[    0.859004] usb usb3: New USB device strings: Mfr=3, Product=2, SerialNumber=1
[    0.859520] usb usb3: Product: xHCI Host Controller
[    0.860048] usb usb3: Manufacturer: Linux 4.16.3+ xhci-hcd
[    0.860562] usb usb3: SerialNumber: 0000:05:00.0
[    0.861195] hub 3-0:1.0: USB hub found
[    0.861699] hub 3-0:1.0: 2 ports detected
[    0.862329] xhci_hcd 0000:05:00.0: xHCI Host Controller
[    0.862813] xhci_hcd 0000:05:00.0: new USB bus registered, assigned bus number 4
[    0.863302] xhci_hcd 0000:05:00.0: Host supports USB 3.1 Enhanced SuperSpeed
[    0.863801] usb usb4: We don't know the algorithms for LPM for this host, disabling LPM.
[    0.864296] usb usb4: New USB device found, idVendor=1d6b, idProduct=0003
[    0.864784] usb usb4: New USB device strings: Mfr=3, Product=2, SerialNumber=1
[    0.865258] usb usb4: Product: xHCI Host Controller
[    0.865732] usb usb4: Manufacturer: Linux 4.16.3+ xhci-hcd
[    0.866200] usb usb4: SerialNumber: 0000:05:00.0
[    0.866803] hub 4-0:1.0: USB hub found
[    0.867279] hub 4-0:1.0: 2 ports detected
[    0.867898] i8042: PNP: No PS/2 controller found.
[    0.868532] mousedev: PS/2 mouse device common for all mice
[    0.869304] rtc_cmos 00:04: RTC can wake from S4
[    0.870154] rtc_cmos 00:04: rtc core: registered rtc_cmos as rtc0
[    0.870703] rtc_cmos 00:04: alarms up to one month, y3k, 242 bytes nvram, hpet irqs
[    0.871173] i2c /dev entries driver
[    0.871672] device-mapper: uevent: version 1.0.3
[    0.872193] device-mapper: ioctl: 4.37.0-ioctl (2017-09-20) initialised: dm-devel@redhat.com
[    0.872668] intel_pstate: Intel P-state driver initializing
[    0.873236] intel_pstate: HWP enabled
[    0.873739] ledtrig-cpu: registered to indicate activity on CPUs
[    0.874213] EFI Variables Facility v0.08 2004-May-17
[    0.903508] resource sanity check: requesting [mem 0xfdffe800-0xfe0007ff], which spans more than pnp 00:07 [mem 0xfdb00000-0xfdffffff]
[    0.904497] caller pmc_core_probe+0x99/0x224 mapping multiple BARs
[    0.905001] intel_pmc_core:  initialized
[    0.905672] NET: Registered protocol family 10
[    0.908914] Segment Routing with IPv6
[    0.909437] NET: Registered protocol family 17
[    0.909969] Key type dns_resolver registered
[    0.910614] RAS: Correctable Errors collector initialized.
[    0.911144] microcode: sig=0x906e9, pf=0x2, revision=0x5e
[    0.911692] microcode: Microcode Update Driver: v2.2.
[    0.911699] sched_clock: Marking stable (911689852, 0)->(916407659, -4717807)
[    0.912863] registered taskstats version 1
[    0.913381] Loading compiled-in X.509 certificates
[    0.915663] Loaded X.509 cert 'Build time autogenerated kernel key: d1c981cb1fa308258e25fcb165fdd10bb7777b2d'
[    0.918613] Loaded UEFI:db cert 'ASUSTeK MotherBoard SW Key Certificate: da83b990422ebc8c441f8d8b039a65a2' linked to secondary sys keyring
[    0.919874] Loaded UEFI:db cert 'ASUSTeK Notebook SW Key Certificate: b8e581e4df77a5bb4282d5ccfc00c071' linked to secondary sys keyring
[    0.921032] Loaded UEFI:db cert 'Microsoft Corporation UEFI CA 2011: 13adbf4309bd82709c8cd54f316ed522988a1bd4' linked to secondary sys keyring
[    0.922224] Loaded UEFI:db cert 'Microsoft Windows Production PCA 2011: a92902398e16c49778cd90f99e4f9ae17c55af53' linked to secondary sys keyring
[    0.923641] Loaded UEFI:db cert 'Canonical Ltd. Master Certificate Authority: ad91990bc22ab1f517048c23b6655a268e345a63' linked to secondary sys keyring
[    0.926163] zswap: loaded using pool lzo/zbud
[    0.929303] Key type big_key registered
[    0.929971] Key type trusted registered
[    0.931753] Key type encrypted registered
[    0.932416] AppArmor: AppArmor sha1 policy hashing enabled
[    0.933053] ima: No TPM chip found, activating TPM-bypass! (rc=-19)
[    0.933715] evm: HMAC attrs: 0x1
[    0.936223]   Magic number: 2:720:323
[    0.936880] tty tty48: hash matches
[    0.937690] rtc_cmos 00:04: setting system clock to 2018-05-20 09:19:32 UTC (1526807972)
[    0.938414] BIOS EDD facility v0.16 2004-Jun-25, 0 devices found
[    0.939070] EDD information not available.
[    0.941250] Freeing unused kernel memory: 1728K
[    0.941904] Write protecting the kernel read-only data: 18432k
[    0.942967] Freeing unused kernel memory: 2008K
[    0.945122] Freeing unused kernel memory: 952K
[    0.950751] x86/mm: Checked W+X mappings: passed, no W+X pages found.
[    0.951403] x86/mm: Checking user space page tables
[    0.956901] x86/mm: Checked W+X mappings: passed, no W+X pages found.
[    1.053840] ahci 0000:00:17.0: version 3.0
[    1.054083] ahci 0000:00:17.0: AHCI 0001.0301 32 slots 6 ports 6 Gbps 0x3f impl SATA mode
[    1.054741] ahci 0000:00:17.0: flags: 64bit ncq sntf led clo only pio slum part ems deso sadm sds apst 
[    1.106112] pps_core: LinuxPPS API ver. 1 registered
[    1.106756] pps_core: Software ver. 5.3.6 - Copyright 2005-2007 Rodolfo Giometti <giometti@linux.it>
[    1.108279] PTP clock support registered
[    1.111932] e1000e: Intel(R) PRO/1000 Network Driver - 3.2.6-k
[    1.112593] e1000e: Copyright(c) 1999 - 2015 Intel Corporation.
[    1.123005] cryptd: max_cpu_qlen set to 1000
[    1.146959] SSE version of gcm_enc/dec engaged.
[    1.149522] [drm] amdgpu kernel modesetting enabled.
[    1.152105] AMD IOMMUv2 driver by Joerg Roedel <jroedel@suse.de>
[    1.152770] AMD IOMMUv2 functionality not available on this system
[    1.158766] CRAT table not found
[    1.159418] Virtual CRAT table created for CPU
[    1.160078] Parsing CRAT table with 1 nodes
[    1.160734] Creating topology SYSFS entries
[    1.161391] Topology: Add CPU node
[    1.162002] Finished initializing topology
[    1.163281] kfd kfd: Initialized module
[    1.164017] checking generic (c0000000 300000) vs hw (2fe0000000 10000000)
[    1.164049] amdgpu 0000:02:00.0: enabling device (0000 -> 0003)
[    1.164805] [drm] initializing kernel modesetting (POLARIS10 0x1002:0x67DF 0x148C:0x2378 0xE7).
[    1.165390] [drm] register mmio base: 0xDF500000
[    1.165958] [drm] register mmio size: 262144
[    1.166501] [drm] probing gen 2 caps for device 8086:a2eb = 15724041/2
[    1.167029] [drm] probing mlw for device 8086:a2eb = 15724041
[    1.167534] [drm] add ip block number 0 <vi_common>
[    1.168039] [drm] add ip block number 1 <gmc_v8_0>
[    1.168521] [drm] add ip block number 2 <tonga_ih>
[    1.169008] [drm] add ip block number 3 <powerplay>
[    1.169486] [drm] add ip block number 4 <dm>
[    1.169961] [drm] add ip block number 5 <gfx_v8_0>
[    1.170430] [drm] add ip block number 6 <sdma_v3_0>
[    1.170903] [drm] add ip block number 7 <uvd_v6_0>
[    1.171357] [drm] add ip block number 8 <vce_v3_0>
[    1.171819] kfd kfd: skipped device 1002:67df, PCI rejects atomics
[    1.173234] [drm] UVD is enabled in VM mode
[    1.173692] [drm] UVD ENC is enabled in VM mode
[    1.174147] [drm] VCE enabled in VM mode
[    1.204614] usb 4-2: new SuperSpeed USB device number 2 using xhci_hcd
[    1.229552] usb 4-2: New USB device found, idVendor=1f75, idProduct=0917
[    1.230012] usb 4-2: New USB device strings: Mfr=1, Product=2, SerialNumber=3
[    1.230458] usb 4-2: Product: PenDrive
[    1.230903] usb 4-2: Manufacturer: Innostor
[    1.231350] usb 4-2: SerialNumber: 3006667257
[    1.236094] usb-storage 4-2:1.0: USB Mass Storage device detected
[    1.236733] scsi host0: usb-storage 4-2:1.0
[    1.237245] usbcore: registered new interface driver usb-storage
[    1.396891] scsi host1: ahci
[    1.397427] scsi host2: ahci
[    1.397946] scsi host3: ahci
[    1.398439] scsi host4: ahci
[    1.398924] scsi host5: ahci
[    1.399385] scsi host6: ahci
[    1.399783] ata1: SATA max UDMA/133 abar m2048@0xdf626000 port 0xdf626100 irq 130
[    1.400182] ata2: SATA max UDMA/133 abar m2048@0xdf626000 port 0xdf626180 irq 130
[    1.400562] ata3: SATA max UDMA/133 abar m2048@0xdf626000 port 0xdf626200 irq 130
[    1.400934] ata4: SATA max UDMA/133 abar m2048@0xdf626000 port 0xdf626280 irq 130
[    1.401298] ata5: SATA max UDMA/133 abar m2048@0xdf626000 port 0xdf626300 irq 130
[    1.401652] ata6: SATA max UDMA/133 abar m2048@0xdf626000 port 0xdf626380 irq 130
[    1.402720] e1000e 0000:00:1f.6: Interrupt Throttling Rate (ints/sec) set to dynamic conservative mode
[    1.619207] e1000e 0000:00:1f.6 0000:00:1f.6 (uninitialized): registered PHC clock
[    1.692401] e1000e 0000:00:1f.6 eth0: (PCI Express:2.5GT/s:Width x1) b0:6e:bf:2d:93:c2
[    1.692766] e1000e 0000:00:1f.6 eth0: Intel(R) PRO/1000 Network Connection
[    1.693328] e1000e 0000:00:1f.6 eth0: MAC: 12, PHY: 12, PBA No: FFFFFF-0FF
[    1.694268] e1000e 0000:00:1f.6 enp0s31f6: renamed from eth0
[    1.716572] ata5: SATA link down (SStatus 4 SControl 300)
[    1.717129] ata2: SATA link down (SStatus 4 SControl 300)
[    1.717657] ata4: SATA link down (SStatus 4 SControl 300)
[    1.718170] ata1: SATA link down (SStatus 4 SControl 300)
[    1.718665] ata3: SATA link down (SStatus 4 SControl 300)
[    1.719173] ata6: SATA link down (SStatus 4 SControl 300)
[    2.156676] ATOM BIOS: 113-C9403100_101
[    2.157009] [drm] GPU posting now...
[    2.284325] scsi 0:0:0:0: Direct-Access     Innostor Innostor         1.00 PQ: 0 ANSI: 6
[    2.284908] sd 0:0:0:0: Attached scsi generic sg0 type 0
[    2.285350] sd 0:0:0:0: [sda] 30871552 512-byte logical blocks: (15.8 GB/14.7 GiB)
[    2.285767] sd 0:0:0:0: [sda] Write Protect is off
[    2.286117] sd 0:0:0:0: [sda] Mode Sense: 23 00 00 00
[    2.286176] sd 0:0:0:0: [sda] Write cache: disabled, read cache: disabled, doesn't support DPO or FUA
[    2.289364]  sda: sda1 sda2 sda3
[    2.290174] sd 0:0:0:0: [sda] Attached SCSI removable disk
[    2.300453] [drm] vm size is 64 GB, 2 levels, block size is 10-bit, fragment size is 9-bit
[    2.300916] amdgpu 0000:02:00.0: BAR 2: releasing [mem 0x2ff0000000-0x2ff01fffff 64bit pref]
[    2.301332] amdgpu 0000:02:00.0: BAR 0: releasing [mem 0x2fe0000000-0x2fefffffff 64bit pref]
[    2.301766] pcieport 0000:00:1b.4: BAR 15: releasing [mem 0x2fe0000000-0x2ff01fffff 64bit pref]
[    2.302202] pcieport 0000:00:1b.4: BAR 15: assigned [mem 0x2100000000-0x23ffffffff 64bit pref]
[    2.302620] amdgpu 0000:02:00.0: BAR 0: assigned [mem 0x2200000000-0x23ffffffff 64bit pref]
[    2.303053] amdgpu 0000:02:00.0: BAR 2: assigned [mem 0x2100000000-0x21001fffff 64bit pref]
[    2.303473] pcieport 0000:00:1b.4: PCI bridge to [bus 02]
[    2.303882] pcieport 0000:00:1b.4:   bridge window [io  0xe000-0xefff]
[    2.304329] pcieport 0000:00:1b.4:   bridge window [mem 0xdf500000-0xdf5fffff]
[    2.304740] pcieport 0000:00:1b.4:   bridge window [mem 0x2100000000-0x23ffffffff 64bit pref]
[    2.305190] amdgpu 0000:02:00.0: VRAM: 8192M 0x000000F400000000 - 0x000000F5FFFFFFFF (8192M used)
[    2.305603] amdgpu 0000:02:00.0: GTT: 256M 0x0000000000000000 - 0x000000000FFFFFFF
[    2.306015] [drm] Detected VRAM RAM=8192M, BAR=8192M
[    2.306429] [drm] RAM width 256bits GDDR5
[    2.306862] [TTM] Zone  kernel: Available graphics memory: 4014638 kiB
[    2.307280] [TTM] Zone   dma32: Available graphics memory: 2097152 kiB
[    2.307706] [TTM] Initializing pool allocator
[    2.308137] [TTM] Initializing DMA pool allocator
[    2.308590] [drm] amdgpu: 8192M of VRAM memory ready
[    2.309023] [drm] amdgpu: 5880M of GTT memory ready.
[    2.309454] [drm] GART: num cpu pages 65536, num gpu pages 65536
[    2.309958] [drm] PCIE GART of 256M enabled (table at 0x000000F400000000).
[    2.310518] [drm] Chained IB support enabled!
[    2.311884] [drm] Found UVD firmware Version: 1.130 Family ID: 16
[    2.328649] [drm] Found VCE firmware Version: 52.4 Binary ID: 3
[    2.386417] [drm] DM_PPLIB: values for Engine clock
[    2.386880] [drm] DM_PPLIB:	 30000
[    2.387332] [drm] DM_PPLIB:	 75000
[    2.387763] [drm] DM_PPLIB:	 85000
[    2.388188] [drm] DM_PPLIB:	 95000
[    2.388615] [drm] DM_PPLIB:	 105000
[    2.389025] [drm] DM_PPLIB:	 115000
[    2.389425] [drm] DM_PPLIB:	 125000
[    2.389832] [drm] DM_PPLIB:	 135000
[    2.390233] [drm] DM_PPLIB: Validation clocks:
[    2.390640] [drm] DM_PPLIB:    engine_max_clock: 135000
[    2.391064] [drm] DM_PPLIB:    memory_max_clock: 200000
[    2.391478] [drm] DM_PPLIB:    level           : 0
[    2.391887] [drm] DM_PPLIB: values for Memory clock
[    2.392304] [drm] DM_PPLIB:	 30000
[    2.392700] [drm] DM_PPLIB:	 100000
[    2.393096] [drm] DM_PPLIB:	 200000
[    2.393472] [drm] DM_PPLIB: Validation clocks:
[    2.393843] [drm] DM_PPLIB:    engine_max_clock: 135000
[    2.394210] [drm] DM_PPLIB:    memory_max_clock: 200000
[    2.394572] [drm] DM_PPLIB:    level           : 0
[    2.395484] [drm] Display Core initialized with v3.1.42!
[    2.396393] [drm] Supports vblank timestamp caching Rev 2 (21.10.2013).
[    2.396744] [drm] Driver supports precise vblank timestamp query.
[    2.425986] [drm] UVD and UVD ENC initialized successfully.
[    2.525933] [drm] VCE initialized successfully.
[    2.526420] [drm] Cannot find any crtc or sizes
[    2.529983] [drm] Initialized amdgpu 3.26.0 20150101 for 0000:02:00.0 on minor 0
[    2.530362] checking generic (c0000000 300000) vs hw (2fc0000000 10000000)
[    2.530379] amdgpu 0000:03:00.0: enabling device (0000 -> 0003)
[    2.530933] [drm] initializing kernel modesetting (POLARIS10 0x1002:0x67DF 0x1DA2:0xE366 0xE7).
[    2.531313] [drm] register mmio base: 0xDF400000
[    2.531669] [drm] register mmio size: 262144
[    2.532037] [drm] probing gen 2 caps for device 8086:a290 = 1724011/2
[    2.532402] [drm] probing mlw for device 8086:a290 = 1724011
[    2.532753] [drm] add ip block number 0 <vi_common>
[    2.533096] [drm] add ip block number 1 <gmc_v8_0>
[    2.533443] [drm] add ip block number 2 <tonga_ih>
[    2.533774] [drm] add ip block number 3 <powerplay>
[    2.534105] [drm] add ip block number 4 <dm>
[    2.534428] [drm] add ip block number 5 <gfx_v8_0>
[    2.534755] [drm] add ip block number 6 <sdma_v3_0>
[    2.535072] [drm] add ip block number 7 <uvd_v6_0>
[    2.535388] [drm] add ip block number 8 <vce_v3_0>
[    2.535706] kfd kfd: skipped device 1002:67df, PCI rejects atomics
[    2.536029] [drm] UVD is enabled in VM mode
[    2.536335] [drm] UVD ENC is enabled in VM mode
[    2.536640] [drm] VCE enabled in VM mode
[    3.514226] ATOM BIOS: 113-1E3660U-O51
[    3.514549] [drm] GPU posting now...
[    3.644374] [drm] vm size is 64 GB, 2 levels, block size is 10-bit, fragment size is 9-bit
[    3.644717] amdgpu 0000:03:00.0: BAR 2: releasing [mem 0x2fd0000000-0x2fd01fffff 64bit pref]
[    3.645056] amdgpu 0000:03:00.0: BAR 0: releasing [mem 0x2fc0000000-0x2fcfffffff 64bit pref]
[    3.645432] pcieport 0000:00:1c.0: BAR 15: releasing [mem 0x2fc0000000-0x2fd01fffff 64bit pref]
[    3.645795] pcieport 0000:00:1c.0: BAR 15: assigned [mem 0x2400000000-0x26ffffffff 64bit pref]
[    3.646156] amdgpu 0000:03:00.0: BAR 0: assigned [mem 0x2400000000-0x25ffffffff 64bit pref]
[    3.646539] amdgpu 0000:03:00.0: BAR 2: assigned [mem 0x2600000000-0x26001fffff 64bit pref]
[    3.646934] pcieport 0000:00:1c.0: PCI bridge to [bus 03]
[    3.647313] pcieport 0000:00:1c.0:   bridge window [io  0xd000-0xdfff]
[    3.647697] pcieport 0000:00:1c.0:   bridge window [mem 0xdf400000-0xdf4fffff]
[    3.648097] pcieport 0000:00:1c.0:   bridge window [mem 0x2400000000-0x26ffffffff 64bit pref]
[    3.648499] amdgpu 0000:03:00.0: VRAM: 8192M 0x000000F400000000 - 0x000000F5FFFFFFFF (8192M used)
[    3.648908] amdgpu 0000:03:00.0: GTT: 256M 0x0000000000000000 - 0x000000000FFFFFFF
[    3.649315] [drm] Detected VRAM RAM=8192M, BAR=8192M
[    3.649722] [drm] RAM width 256bits GDDR5
[    3.650152] [drm] amdgpu: 8192M of VRAM memory ready
[    3.650570] [drm] amdgpu: 5880M of GTT memory ready.
[    3.650992] [drm] GART: num cpu pages 65536, num gpu pages 65536
[    3.651479] [drm] PCIE GART of 256M enabled (table at 0x000000F400000000).
[    3.651982] [drm] Chained IB support enabled!
[    3.653309] [drm] Found UVD firmware Version: 1.130 Family ID: 16
[    3.669846] [drm] Found VCE firmware Version: 52.4 Binary ID: 3
[    3.727486] [drm] DM_PPLIB: values for Engine clock
[    3.727922] [drm] DM_PPLIB:	 30000
[    3.728343] [drm] DM_PPLIB:	 60000
[    3.728763] [drm] DM_PPLIB:	 90000
[    3.729164] [drm] DM_PPLIB:	 114500
[    3.729554] [drm] DM_PPLIB:	 121500
[    3.729938] [drm] DM_PPLIB:	 125700
[    3.730299] [drm] DM_PPLIB:	 130000
[    3.730659] [drm] DM_PPLIB:	 141100
[    3.731010] [drm] DM_PPLIB: Validation clocks:
[    3.731368] [drm] DM_PPLIB:    engine_max_clock: 141100
[    3.731716] [drm] DM_PPLIB:    memory_max_clock: 205000
[    3.732065] [drm] DM_PPLIB:    level           : 0
[    3.732421] [drm] DM_PPLIB: values for Memory clock
[    3.732772] [drm] DM_PPLIB:	 30000
[    3.733121] [drm] DM_PPLIB:	 100000
[    3.733481] [drm] DM_PPLIB:	 205000
[    3.733828] [drm] DM_PPLIB: Validation clocks:
[    3.734177] [drm] DM_PPLIB:    engine_max_clock: 141100
[    3.734533] [drm] DM_PPLIB:    memory_max_clock: 205000
[    3.734885] [drm] DM_PPLIB:    level           : 0
[    3.735787] [drm] Display Core initialized with v3.1.42!
[    3.736875] [drm] Supports vblank timestamp caching Rev 2 (21.10.2013).
[    3.737244] [drm] Driver supports precise vblank timestamp query.
[    3.767047] [drm] UVD and UVD ENC initialized successfully.
[    3.867025] [drm] VCE initialized successfully.
[    3.867507] [drm] Cannot find any crtc or sizes
[    3.871048] [drm] Initialized amdgpu 3.26.0 20150101 for 0000:03:00.0 on minor 1
[    3.871435] checking generic (c0000000 300000) vs hw (2fa0000000 10000000)
[    3.871463] amdgpu 0000:04:00.0: enabling device (0000 -> 0003)
[    3.872048] [drm] initializing kernel modesetting (POLARIS10 0x1002:0x67DF 0x148C:0x2377 0xE7).
[    3.872429] [drm] register mmio base: 0xDF300000
[    3.872787] [drm] register mmio size: 262144
[    3.873161] [drm] probing gen 2 caps for device 8086:a291 = 2724011/2
[    3.873520] [drm] probing mlw for device 8086:a291 = 2724011
[    3.873879] [drm] add ip block number 0 <vi_common>
[    3.874248] [drm] add ip block number 1 <gmc_v8_0>
[    3.874604] [drm] add ip block number 2 <tonga_ih>
[    3.874948] [drm] add ip block number 3 <powerplay>
[    3.875296] [drm] add ip block number 4 <dm>
[    3.875621] [drm] add ip block number 5 <gfx_v8_0>
[    3.875943] [drm] add ip block number 6 <sdma_v3_0>
[    3.876267] [drm] add ip block number 7 <uvd_v6_0>
[    3.876594] [drm] add ip block number 8 <vce_v3_0>
[    3.876907] kfd kfd: skipped device 1002:67df, PCI rejects atomics
[    3.877229] [drm] UVD is enabled in VM mode
[    3.877535] [drm] UVD ENC is enabled in VM mode
[    3.877850] [drm] VCE enabled in VM mode
[    4.855605] ATOM BIOS: 113-C9403100_101
[    4.855921] [drm] GPU posting now...
[    5.344337] [drm] vm size is 64 GB, 2 levels, block size is 10-bit, fragment size is 9-bit
[    5.344682] amdgpu 0000:04:00.0: BAR 2: releasing [mem 0x2fb0000000-0x2fb01fffff 64bit pref]
[    5.345023] amdgpu 0000:04:00.0: BAR 0: releasing [mem 0x2fa0000000-0x2fafffffff 64bit pref]
[    5.345390] pcieport 0000:00:1c.1: BAR 15: releasing [mem 0x2fa0000000-0x2fb01fffff 64bit pref]
[    5.345756] pcieport 0000:00:1c.1: BAR 15: assigned [mem 0x2700000000-0x29ffffffff 64bit pref]
[    5.346120] amdgpu 0000:04:00.0: BAR 0: assigned [mem 0x2800000000-0x29ffffffff 64bit pref]
[    5.346505] amdgpu 0000:04:00.0: BAR 2: assigned [mem 0x2700000000-0x27001fffff 64bit pref]
[    5.346901] pcieport 0000:00:1c.1: PCI bridge to [bus 04]
[    5.347282] pcieport 0000:00:1c.1:   bridge window [io  0xc000-0xcfff]
[    5.347667] pcieport 0000:00:1c.1:   bridge window [mem 0xdf300000-0xdf3fffff]
[    5.348067] pcieport 0000:00:1c.1:   bridge window [mem 0x2700000000-0x29ffffffff 64bit pref]
[    5.348470] amdgpu 0000:04:00.0: VRAM: 8192M 0x000000F400000000 - 0x000000F5FFFFFFFF (8192M used)
[    5.348873] amdgpu 0000:04:00.0: GTT: 256M 0x0000000000000000 - 0x000000000FFFFFFF
[    5.349287] [drm] Detected VRAM RAM=8192M, BAR=8192M
[    5.349696] [drm] RAM width 256bits GDDR5
[    5.350127] [drm] amdgpu: 8192M of VRAM memory ready
[    5.350546] [drm] amdgpu: 5880M of GTT memory ready.
[    5.350970] [drm] GART: num cpu pages 65536, num gpu pages 65536
[    5.351459] [drm] PCIE GART of 256M enabled (table at 0x000000F400000000).
[    5.351962] [drm] Chained IB support enabled!
[    5.353363] [drm] Found UVD firmware Version: 1.130 Family ID: 16
[    5.369900] [drm] Found VCE firmware Version: 52.4 Binary ID: 3
[    5.427562] [drm] DM_PPLIB: values for Engine clock
[    5.427995] [drm] DM_PPLIB:	 30000
[    5.428417] [drm] DM_PPLIB:	 82500
[    5.428840] [drm] DM_PPLIB:	 92500
[    5.429243] [drm] DM_PPLIB:	 102500
[    5.429636] [drm] DM_PPLIB:	 112500
[    5.430019] [drm] DM_PPLIB:	 122500
[    5.430383] [drm] DM_PPLIB:	 132500
[    5.430744] [drm] DM_PPLIB:	 142500
[    5.431109] [drm] DM_PPLIB: Validation clocks:
[    5.431459] [drm] DM_PPLIB:    engine_max_clock: 142500
[    5.431807] [drm] DM_PPLIB:    memory_max_clock: 200000
[    5.432157] [drm] DM_PPLIB:    level           : 0
[    5.432514] [drm] DM_PPLIB: values for Memory clock
[    5.432865] [drm] DM_PPLIB:	 30000
[    5.433215] [drm] DM_PPLIB:	 100000
[    5.433576] [drm] DM_PPLIB:	 200000
[    5.433924] [drm] DM_PPLIB: Validation clocks:
[    5.434274] [drm] DM_PPLIB:    engine_max_clock: 142500
[    5.434635] [drm] DM_PPLIB:    memory_max_clock: 200000
[    5.434982] [drm] DM_PPLIB:    level           : 0
[    5.435893] [drm] Display Core initialized with v3.1.42!
[    5.437627] [drm] Supports vblank timestamp caching Rev 2 (21.10.2013).
[    5.437984] [drm] Driver supports precise vblank timestamp query.
[    5.467113] [drm] UVD and UVD ENC initialized successfully.
[    5.567052] [drm] VCE initialized successfully.
[    5.567521] [drm] Cannot find any crtc or sizes
[    5.571104] [drm] Initialized amdgpu 3.26.0 20150101 for 0000:04:00.0 on minor 2
[    5.571495] checking generic (c0000000 300000) vs hw (2f80000000 10000000)
[    5.571511] amdgpu 0000:06:00.0: enabling device (0000 -> 0003)
[    5.572065] [drm] initializing kernel modesetting (POLARIS10 0x1002:0x67DF 0x148C:0x2378 0xE7).
[    5.572443] [drm] register mmio base: 0xDF100000
[    5.572800] [drm] register mmio size: 262144
[    5.573179] [drm] probing gen 2 caps for device 8086:a296 = 7724011/2
[    5.573537] [drm] probing mlw for device 8086:a296 = 7724011
[    5.573894] [drm] add ip block number 0 <vi_common>
[    5.574263] [drm] add ip block number 1 <gmc_v8_0>
[    5.574618] [drm] add ip block number 2 <tonga_ih>
[    5.574960] [drm] add ip block number 3 <powerplay>
[    5.575304] [drm] add ip block number 4 <dm>
[    5.575629] [drm] add ip block number 5 <gfx_v8_0>
[    5.575950] [drm] add ip block number 6 <sdma_v3_0>
[    5.576272] [drm] add ip block number 7 <uvd_v6_0>
[    5.576597] [drm] add ip block number 8 <vce_v3_0>
[    5.576907] kfd kfd: skipped device 1002:67df, PCI rejects atomics
[    5.577228] [drm] UVD is enabled in VM mode
[    5.577533] [drm] UVD ENC is enabled in VM mode
[    5.577847] [drm] VCE enabled in VM mode
[    6.551946] ATOM BIOS: 113-D0500300_105
[    6.552277] [drm] GPU posting now...
[    7.039986] [drm] vm size is 64 GB, 2 levels, block size is 10-bit, fragment size is 9-bit
[    7.040337] amdgpu 0000:06:00.0: BAR 2: releasing [mem 0x2f90000000-0x2f901fffff 64bit pref]
[    7.040676] amdgpu 0000:06:00.0: BAR 0: releasing [mem 0x2f80000000-0x2f8fffffff 64bit pref]
[    7.041050] pcieport 0000:00:1c.6: BAR 15: releasing [mem 0x2f80000000-0x2f901fffff 64bit pref]
[    7.041411] pcieport 0000:00:1c.6: BAR 15: assigned [mem 0x2a00000000-0x2cffffffff 64bit pref]
[    7.041773] amdgpu 0000:06:00.0: BAR 0: assigned [mem 0x2a00000000-0x2bffffffff 64bit pref]
[    7.042164] amdgpu 0000:06:00.0: BAR 2: assigned [mem 0x2c00000000-0x2c001fffff 64bit pref]
[    7.042548] pcieport 0000:00:1c.6: PCI bridge to [bus 06]
[    7.042926] pcieport 0000:00:1c.6:   bridge window [io  0xb000-0xbfff]
[    7.043317] pcieport 0000:00:1c.6:   bridge window [mem 0xdf100000-0xdf1fffff]
[    7.043704] pcieport 0000:00:1c.6:   bridge window [mem 0x2a00000000-0x2cffffffff 64bit pref]
[    7.044111] amdgpu 0000:06:00.0: VRAM: 8192M 0x000000F400000000 - 0x000000F5FFFFFFFF (8192M used)
[    7.044524] amdgpu 0000:06:00.0: GTT: 256M 0x0000000000000000 - 0x000000000FFFFFFF
[    7.044930] [drm] Detected VRAM RAM=8192M, BAR=8192M
[    7.045339] [drm] RAM width 256bits GDDR5
[    7.045770] [drm] amdgpu: 8192M of VRAM memory ready
[    7.046188] [drm] amdgpu: 5880M of GTT memory ready.
[    7.046621] [drm] GART: num cpu pages 65536, num gpu pages 65536
[    7.047102] [drm] PCIE GART of 256M enabled (table at 0x000000F400000000).
[    7.047608] [drm] Chained IB support enabled!
[    7.048985] [drm] Found UVD firmware Version: 1.130 Family ID: 16
[    7.065521] [drm] Found VCE firmware Version: 52.4 Binary ID: 3
[    7.123192] [drm] DM_PPLIB: values for Engine clock
[    7.123621] [drm] DM_PPLIB:	 30000
[    7.124043] [drm] DM_PPLIB:	 60000
[    7.124468] [drm] DM_PPLIB:	 90000
[    7.124871] [drm] DM_PPLIB:	 117900
[    7.125271] [drm] DM_PPLIB:	 125200
[    7.125647] [drm] DM_PPLIB:	 129500
[    7.126010] [drm] DM_PPLIB:	 133900
[    7.126372] [drm] DM_PPLIB:	 110000
[    7.126734] [drm] DM_PPLIB: Validation clocks:
[    7.127084] [drm] DM_PPLIB:    engine_max_clock: 110000
[    7.127432] [drm] DM_PPLIB:    memory_max_clock: 200000
[    7.127792] [drm] DM_PPLIB:    level           : 0
[    7.128143] [drm] DM_PPLIB: reducing engine clock level from 8 to 3
[    7.128502] [drm] DM_PPLIB: values for Memory clock
[    7.128870] [drm] DM_PPLIB:	 30000
[    7.129228] [drm] DM_PPLIB:	 100000
[    7.129585] [drm] DM_PPLIB:	 200000
[    7.129950] [drm] DM_PPLIB: Validation clocks:
[    7.130309] [drm] DM_PPLIB:    engine_max_clock: 110000
[    7.130665] [drm] DM_PPLIB:    memory_max_clock: 200000
[    7.131013] [drm] DM_PPLIB:    level           : 0
[    7.131931] [drm] Display Core initialized with v3.1.42!
[    7.132871] [drm] Supports vblank timestamp caching Rev 2 (21.10.2013).
[    7.133231] [drm] Driver supports precise vblank timestamp query.
[    7.162736] [drm] UVD and UVD ENC initialized successfully.
[    7.262679] [drm] VCE initialized successfully.
[    7.263147] [drm] Cannot find any crtc or sizes
[    7.266740] [drm] Initialized amdgpu 3.26.0 20150101 for 0000:06:00.0 on minor 3
[    7.267127] checking generic (c0000000 300000) vs hw (2f60000000 10000000)
[    7.267144] amdgpu 0000:07:00.0: enabling device (0000 -> 0003)
[    7.267706] [drm] initializing kernel modesetting (POLARIS10 0x1002:0x67DF 0x1682:0xC580 0xE7).
[    7.268090] [drm] register mmio base: 0xDF000000
[    7.268455] [drm] register mmio size: 262144
[    7.268835] [drm] probing gen 2 caps for device 8086:a297 = 8724011/2
[    7.269197] [drm] probing mlw for device 8086:a297 = 8724011
[    7.269561] [drm] add ip block number 0 <vi_common>
[    7.269924] [drm] add ip block number 1 <gmc_v8_0>
[    7.270275] [drm] add ip block number 2 <tonga_ih>
[    7.270626] [drm] add ip block number 3 <powerplay>
[    7.270960] [drm] add ip block number 4 <dm>
[    7.271289] [drm] add ip block number 5 <gfx_v8_0>
[    7.271614] [drm] add ip block number 6 <sdma_v3_0>
[    7.271948] [drm] add ip block number 7 <uvd_v6_0>
[    7.272267] [drm] add ip block number 8 <vce_v3_0>
[    7.272578] kfd kfd: skipped device 1002:67df, PCI rejects atomics
[    7.272912] [drm] UVD is enabled in VM mode
[    7.273219] [drm] UVD ENC is enabled in VM mode
[    7.273529] [drm] VCE enabled in VM mode
[    8.247450] ATOM BIOS: 113-58085SHD1-M80
[    8.247781] [drm] GPU posting now...
[    8.380167] [drm] vm size is 64 GB, 2 levels, block size is 10-bit, fragment size is 9-bit
[    8.380519] amdgpu 0000:07:00.0: BAR 2: releasing [mem 0x2f70000000-0x2f701fffff 64bit pref]
[    8.380868] amdgpu 0000:07:00.0: BAR 0: releasing [mem 0x2f60000000-0x2f6fffffff 64bit pref]
[    8.381247] pcieport 0000:00:1c.7: BAR 15: releasing [mem 0x2f60000000-0x2f701fffff 64bit pref]
[    8.381622] pcieport 0000:00:1c.7: BAR 15: no space for [mem size 0x300000000 64bit pref]
[    8.381992] pcieport 0000:00:1c.7: BAR 15: failed to assign [mem size 0x300000000 64bit pref]
[    8.382381] amdgpu 0000:07:00.0: BAR 0: no space for [mem size 0x200000000 64bit pref]
[    8.382770] amdgpu 0000:07:00.0: BAR 0: failed to assign [mem size 0x200000000 64bit pref]
[    8.383163] amdgpu 0000:07:00.0: BAR 2: no space for [mem size 0x00200000 64bit pref]
[    8.383573] amdgpu 0000:07:00.0: BAR 2: failed to assign [mem size 0x00200000 64bit pref]
[    8.383980] pcieport 0000:00:1c.7: PCI bridge to [bus 07]
[    8.384389] pcieport 0000:00:1c.7:   bridge window [io  0xa000-0xafff]
[    8.384807] pcieport 0000:00:1c.7:   bridge window [mem 0xdf000000-0xdf0fffff]
[    8.385221] pcieport 0000:00:1c.7: PCI bridge to [bus 07]
[    8.385646] pcieport 0000:00:1c.7:   bridge window [io  0xa000-0xafff]
[    8.386069] pcieport 0000:00:1c.7:   bridge window [mem 0xdf000000-0xdf0fffff]
[    8.386494] pcieport 0000:00:1c.7:   bridge window [mem 0x2f60000000-0x2f701fffff 64bit pref]
[    8.386932] [drm] Not enough PCI address space for a large BAR.
[    8.386934] amdgpu 0000:07:00.0: BAR 0: assigned [mem 0x2f60000000-0x2f6fffffff 64bit pref]
[    8.387835] amdgpu 0000:07:00.0: BAR 2: assigned [mem 0x2f70000000-0x2f701fffff 64bit pref]
[    8.388304] amdgpu 0000:07:00.0: VRAM: 8192M 0x000000F400000000 - 0x000000F5FFFFFFFF (8192M used)
[    8.388759] amdgpu 0000:07:00.0: GTT: 256M 0x0000000000000000 - 0x000000000FFFFFFF
[    8.389208] [drm] Detected VRAM RAM=8192M, BAR=256M
[    8.389657] [drm] RAM width 256bits GDDR5
[    8.390108] [drm] amdgpu: 8192M of VRAM memory ready
[    8.390549] [drm] amdgpu: 5880M of GTT memory ready.
[    8.390998] [drm] GART: num cpu pages 65536, num gpu pages 65536
[    8.391485] [drm] PCIE GART of 256M enabled (table at 0x000000F400000000).
[    8.391994] [drm] Chained IB support enabled!
[    8.393310] [drm] Found UVD firmware Version: 1.130 Family ID: 16
[    8.409836] [drm] Found VCE firmware Version: 52.4 Binary ID: 3
[    8.467489] [drm] DM_PPLIB: values for Engine clock
[    8.467920] [drm] DM_PPLIB:	 30000
[    8.468338] [drm] DM_PPLIB:	 60000
[    8.468762] [drm] DM_PPLIB:	 90000
[    8.469173] [drm] DM_PPLIB:	 99700
[    8.469583] [drm] DM_PPLIB:	 102100
[    8.469992] [drm] DM_PPLIB:	 105200
[    8.470398] [drm] DM_PPLIB:	 109100
[    8.470815] [drm] DM_PPLIB:	 115000
[    8.471219] [drm] DM_PPLIB: Validation clocks:
[    8.471628] [drm] DM_PPLIB:    engine_max_clock: 115000
[    8.472043] [drm] DM_PPLIB:    memory_max_clock: 210000
[    8.472440] [drm] DM_PPLIB:    level           : 0
[    8.472837] [drm] DM_PPLIB: values for Memory clock
[    8.473238] [drm] DM_PPLIB:	 30000
[    8.473628] [drm] DM_PPLIB:	 100000
[    8.474014] [drm] DM_PPLIB:	 210000
[    8.474396] [drm] DM_PPLIB: Validation clocks:
[    8.474759] [drm] DM_PPLIB:    engine_max_clock: 115000
[    8.475128] [drm] DM_PPLIB:    memory_max_clock: 210000
[    8.475492] [drm] DM_PPLIB:    level           : 0
[    8.476404] [drm] Display Core initialized with v3.1.42!
[    8.477645] [drm] Supports vblank timestamp caching Rev 2 (21.10.2013).
[    8.477997] [drm] Driver supports precise vblank timestamp query.
[    8.510009] [drm] UVD and UVD ENC initialized successfully.
[    8.609979] [drm] VCE initialized successfully.
[    8.610445] [drm] Cannot find any crtc or sizes
[    8.614026] [drm] Initialized amdgpu 3.26.0 20150101 for 0000:07:00.0 on minor 4
[   14.988178] random: crng init done
[   15.827833] EXT4-fs (sda3): mounted filesystem without journal. Opts: (null)
[   17.503874] ip_local_port_range: prefer different parity for start/end values.
[   17.604047] EXT4-fs (sda3): re-mounted. Opts: errors=remount-ro
[   17.687887] FAT-fs (sda1): Volume was not properly unmounted. Some data may be corrupt. Please run fsck.
[   17.721916] shpchp: Standard Hot Plug PCI Controller Driver version: 0.4
[   18.019944] init: network-interface (lo) pre-start process (654) terminated with status 1
[   18.081630] init: networking pre-start process (704) terminated with status 1
[   18.083262] init: networking post-stop process (785) terminated with status 100
[  138.235686] init: networking pre-start process (968) terminated with status 1
[  138.237371] init: networking post-stop process (1047) terminated with status 100
[  138.739704] shpchp: Standard Hot Plug PCI Controller Driver version: 0.4 unloaded
[  138.834926] EXT4-fs (sda3): re-mounted. Opts: errors=remount-ro
[  144.022364] e1000e: enp0s31f6 NIC Link is Up 1000 Mbps Full Duplex, Flow Control: Rx/Tx
[  149.958895] e1000e: enp0s31f6 NIC Link is Down
[  150.379511] e1000e: enp0s31f6 NIC Link is Down
[  153.258360] e1000e: enp0s31f6 NIC Link is Up 1000 Mbps Full Duplex, Flow Control: Rx/Tx
